
=== Benchmark ===
  problem     : results/k20/datasets/aprilgrid_medium/all_candidate_problem.npz
  candidates  : 720
  select_k    : 20
  FIM backend : numeric
  calibration : cv2.calibrateCamera

[random] running 25 trials...
    mean min_eig=9.3667e+02  ±2.16e+02

[coverage] running...
    selected 20 poses in 0.0s  score=nan

[a-optimal] running...
    selected 20 poses in 7.0s  score=-6.4989e-04

[d-optimal] running...
    selected 20 poses in 5.1s  score=1.5846e+02

[greedy-e] running...
    selected 20 poses in 4.7s  score=2.4064e+03

[fw-e] running...
[FW] Building 720 candidate information matrices...
Building FIM:   0%|          | 0/720 [00:00<?, ?candidate/s]Building FIM:   4%|▍         | 32/720 [00:00<00:03, 199.03candidate/s]Building FIM:  18%|█▊        | 128/720 [00:00<00:01, 318.00candidate/s]Building FIM:  27%|██▋       | 192/720 [00:00<00:01, 363.33candidate/s]Building FIM: 100%|██████████| 720/720 [00:00<00:00, 1105.33candidate/s]
[FW] Done. Starting Frank-Wolfe optimization (select_k=20)...
[FW] Pre-extracting dense blocks (intr_dim=9, num_poses=720)...
[FW] Block extraction done. Starting iterations...
[FW] iter=  0  min_eig=1.051743e+03
[FW] iter=  1  min_eig=2.013883e+03
[FW] iter=  2  min_eig=9.357508e+02
[FW] iter=  3  min_eig=7.803535e+02
[FW] iter=  4  min_eig=7.160502e+02
[FW] iter=  5  min_eig=6.057209e+02
[FW] iter=  6  min_eig=5.144982e+02
[FW] iter=  7  min_eig=4.786814e+02
[FW] iter=  8  min_eig=4.464316e+02
[FW] iter=  9  min_eig=4.740253e+02
[FW] iter= 10  min_eig=4.769013e+02
[FW] iter= 11  min_eig=4.578616e+02
[FW] iter= 12  min_eig=4.897076e+02
[FW] iter= 13  min_eig=7.264914e+02
[FW] iter= 14  min_eig=8.247728e+02
[FW] iter= 15  min_eig=9.481820e+02
[FW] iter= 16  min_eig=9.608084e+02
[FW] iter= 17  min_eig=9.213294e+02
[FW] iter= 18  min_eig=9.056638e+02
[FW] iter= 19  min_eig=9.444689e+02
[FW] iter= 20  min_eig=1.001162e+03
[FW] iter= 21  min_eig=1.025717e+03
[FW] iter= 22  min_eig=1.052909e+03
[FW] iter= 23  min_eig=1.040099e+03
[FW] iter= 24  min_eig=1.032175e+03
[FW] iter= 25  min_eig=1.019121e+03
[FW] iter= 26  min_eig=1.051948e+03
[FW] iter= 27  min_eig=1.082697e+03
[FW] iter= 28  min_eig=1.096954e+03
[FW] iter= 29  min_eig=1.110452e+03
[FW] iter= 30  min_eig=1.092011e+03
[FW] iter= 31  min_eig=1.057695e+03
[FW] iter= 32  min_eig=1.059539e+03
[FW] iter= 33  min_eig=1.075877e+03
[FW] iter= 34  min_eig=1.061255e+03
[FW] iter= 35  min_eig=1.027195e+03
[FW] iter= 36  min_eig=1.016441e+03
[FW] iter= 37  min_eig=1.115017e+03
[FW] iter= 38  min_eig=1.182798e+03
[FW] iter= 39  min_eig=1.245308e+03
[FW] iter= 40  min_eig=1.303936e+03
[FW] iter= 41  min_eig=1.356108e+03
[FW] iter= 42  min_eig=1.405709e+03
[FW] iter= 43  min_eig=1.450947e+03
[FW] iter= 44  min_eig=1.494412e+03
[FW] iter= 45  min_eig=1.534825e+03
[FW] iter= 46  min_eig=1.572871e+03
[FW] iter= 47  min_eig=1.608672e+03
[FW] iter= 48  min_eig=1.642157e+03
[FW] iter= 49  min_eig=1.673511e+03
[FW] iter= 50  min_eig=1.702953e+03
[FW] iter= 51  min_eig=1.730700e+03
[FW] iter= 52  min_eig=1.756822e+03
[FW] iter= 53  min_eig=1.781438e+03
[FW] iter= 54  min_eig=1.804679e+03
[FW] iter= 55  min_eig=1.826654e+03
[FW] iter= 56  min_eig=1.847411e+03
[FW] iter= 57  min_eig=1.867055e+03
[FW] iter= 58  min_eig=1.885741e+03
[FW] iter= 59  min_eig=1.903431e+03
[FW] iter= 60  min_eig=1.920228e+03
[FW] iter= 61  min_eig=1.936232e+03
[FW] iter= 62  min_eig=1.951440e+03
[FW] iter= 63  min_eig=1.965931e+03
[FW] iter= 64  min_eig=1.979702e+03
[FW] iter= 65  min_eig=1.992910e+03
[FW] iter= 66  min_eig=2.005484e+03
[FW] iter= 67  min_eig=2.017467e+03
[FW] iter= 68  min_eig=2.028972e+03
[FW] iter= 69  min_eig=2.039959e+03
[FW] iter= 70  min_eig=2.050452e+03
[FW] iter= 71  min_eig=2.060541e+03
[FW] iter= 72  min_eig=2.070208e+03
[FW] iter= 73  min_eig=2.079479e+03
[FW] iter= 74  min_eig=2.088383e+03
[FW] iter= 75  min_eig=2.096923e+03
[FW] iter= 76  min_eig=2.105129e+03
[FW] iter= 77  min_eig=2.113023e+03
[FW] iter= 78  min_eig=2.120607e+03
[FW] iter= 79  min_eig=2.127903e+03
[FW] iter= 80  min_eig=2.134935e+03
[FW] iter= 81  min_eig=2.141699e+03
[FW] iter= 82  min_eig=2.148217e+03
[FW] iter= 83  min_eig=2.154507e+03
[FW] iter= 84  min_eig=2.160566e+03
[FW] iter= 85  min_eig=2.166413e+03
[FW] iter= 86  min_eig=2.172062e+03
[FW] iter= 87  min_eig=2.177512e+03
[FW] iter= 88  min_eig=2.182776e+03
[FW] iter= 89  min_eig=2.187869e+03
[FW] iter= 90  min_eig=2.192788e+03
[FW] iter= 91  min_eig=2.197546e+03
[FW] iter= 92  min_eig=2.202154e+03
[FW] iter= 93  min_eig=2.206607e+03
[FW] iter= 94  min_eig=2.210922e+03
[FW] iter= 95  min_eig=2.215104e+03
[FW] iter= 96  min_eig=2.219151e+03
[FW] iter= 97  min_eig=2.223074e+03
[FW] iter= 98  min_eig=2.226882e+03
[FW] iter= 99  min_eig=2.230570e+03
[FW] iter=100  min_eig=2.234149e+03
[FW] iter=101  min_eig=2.237626e+03
[FW] iter=102  min_eig=2.240997e+03
[FW] iter=103  min_eig=2.244270e+03
[FW] iter=104  min_eig=2.247453e+03
[FW] iter=105  min_eig=2.250542e+03
[FW] iter=106  min_eig=2.253544e+03
[FW] iter=107  min_eig=2.256465e+03
[FW] iter=108  min_eig=2.259302e+03
[FW] iter=109  min_eig=2.262062e+03
[FW] iter=110  min_eig=2.264749e+03
[FW] iter=111  min_eig=2.267361e+03
[FW] iter=112  min_eig=2.269905e+03
[FW] iter=113  min_eig=2.272383e+03
[FW] iter=114  min_eig=2.274793e+03
[FW] iter=115  min_eig=2.277142e+03
[FW] iter=116  min_eig=2.279433e+03
[FW] iter=117  min_eig=2.281661e+03
[FW] iter=118  min_eig=2.283835e+03
[FW] iter=119  min_eig=2.285955e+03
[FW] iter=120  min_eig=2.288016e+03
[FW] iter=121  min_eig=2.290036e+03
[FW] iter=122  min_eig=2.292002e+03
[FW] iter=123  min_eig=2.293916e+03
[FW] iter=124  min_eig=2.295792e+03
[FW] iter=125  min_eig=2.297621e+03
[FW] iter=126  min_eig=2.299400e+03
[FW] iter=127  min_eig=2.301145e+03
[FW] iter=128  min_eig=2.302848e+03
[FW] iter=129  min_eig=2.304505e+03
[FW] iter=130  min_eig=2.306133e+03
[FW] iter=131  min_eig=2.307720e+03
[FW] iter=132  min_eig=2.309267e+03
[FW] iter=133  min_eig=2.310787e+03
[FW] iter=134  min_eig=2.312270e+03
[FW] iter=135  min_eig=2.313716e+03
[FW] iter=136  min_eig=2.315137e+03
[FW] iter=137  min_eig=2.316524e+03
[FW] iter=138  min_eig=2.317878e+03
[FW] iter=139  min_eig=2.319207e+03
[FW] iter=140  min_eig=2.320508e+03
[FW] iter=141  min_eig=2.321777e+03
[FW] iter=142  min_eig=2.323024e+03
[FW] iter=143  min_eig=2.324243e+03
[FW] iter=144  min_eig=2.325435e+03
[FW] iter=145  min_eig=2.326606e+03
[FW] iter=146  min_eig=2.327751e+03
[FW] iter=147  min_eig=2.328872e+03
[FW] iter=148  min_eig=2.329972e+03
[FW] iter=149  min_eig=2.331050e+03
[FW] iter=150  min_eig=2.332104e+03
[FW] iter=151  min_eig=2.333139e+03
[FW] iter=152  min_eig=2.334155e+03
[FW] iter=153  min_eig=2.335148e+03
[FW] iter=154  min_eig=2.336125e+03
[FW] iter=155  min_eig=2.337082e+03
[FW] iter=156  min_eig=2.338018e+03
[FW] iter=157  min_eig=2.338941e+03
[FW] iter=158  min_eig=2.339844e+03
[FW] iter=159  min_eig=2.340728e+03
[FW] iter=160  min_eig=2.341600e+03
[FW] iter=161  min_eig=2.342453e+03
[FW] iter=162  min_eig=2.343289e+03
[FW] iter=163  min_eig=2.344113e+03
[FW] iter=164  min_eig=2.344920e+03
[FW] iter=165  min_eig=2.345711e+03
[FW] iter=166  min_eig=2.346491e+03
[FW] iter=167  min_eig=2.347256e+03
[FW] iter=168  min_eig=2.348006e+03
[FW] iter=169  min_eig=2.348745e+03
[FW] iter=170  min_eig=2.349469e+03
[FW] iter=171  min_eig=2.350181e+03
[FW] iter=172  min_eig=2.350881e+03
[FW] iter=173  min_eig=2.351568e+03
[FW] iter=174  min_eig=2.352244e+03
[FW] iter=175  min_eig=2.352909e+03
[FW] iter=176  min_eig=2.353562e+03
[FW] iter=177  min_eig=2.354203e+03
[FW] iter=178  min_eig=2.354835e+03
[FW] iter=179  min_eig=2.355456e+03
[FW] iter=180  min_eig=2.356065e+03
[FW] iter=181  min_eig=2.356666e+03
[FW] iter=182  min_eig=2.357256e+03
[FW] iter=183  min_eig=2.357837e+03
[FW] iter=184  min_eig=2.358409e+03
[FW] iter=185  min_eig=2.358970e+03
[FW] iter=186  min_eig=2.359523e+03
[FW] iter=187  min_eig=2.360068e+03
[FW] iter=188  min_eig=2.360603e+03
[FW] iter=189  min_eig=2.361130e+03
[FW] iter=190  min_eig=2.361650e+03
[FW] iter=191  min_eig=2.362160e+03
[FW] iter=192  min_eig=2.362662e+03
[FW] iter=193  min_eig=2.363158e+03
[FW] iter=194  min_eig=2.363645e+03
[FW] iter=195  min_eig=2.364125e+03
[FW] iter=196  min_eig=2.364598e+03
[FW] iter=197  min_eig=2.365062e+03
[FW] iter=198  min_eig=2.365521e+03
[FW] iter=199  min_eig=2.365972e+03
[FW] iter=200  min_eig=2.366418e+03
[FW] iter=201  min_eig=2.366855e+03
[FW] iter=202  min_eig=2.367288e+03
[FW] iter=203  min_eig=2.367712e+03
[FW] iter=204  min_eig=2.368131e+03
[FW] iter=205  min_eig=2.368544e+03
[FW] iter=206  min_eig=2.368951e+03
[FW] iter=207  min_eig=2.369352e+03
[FW] iter=208  min_eig=2.369748e+03
[FW] iter=209  min_eig=2.370137e+03
[FW] iter=210  min_eig=2.370521e+03
[FW] iter=211  min_eig=2.370900e+03
[FW] iter=212  min_eig=2.371272e+03
[FW] iter=213  min_eig=2.371640e+03
[FW] iter=214  min_eig=2.372005e+03
[FW] iter=215  min_eig=2.372361e+03
[FW] iter=216  min_eig=2.372715e+03
[FW] iter=217  min_eig=2.373063e+03
[FW] iter=218  min_eig=2.373406e+03
[FW] iter=219  min_eig=2.373745e+03
[FW] iter=220  min_eig=2.374079e+03
[FW] iter=221  min_eig=2.374407e+03
[FW] iter=222  min_eig=2.374733e+03
[FW] iter=223  min_eig=2.375054e+03
[FW] iter=224  min_eig=2.375370e+03
[FW] iter=225  min_eig=2.375683e+03
[FW] iter=226  min_eig=2.375991e+03
[FW] iter=227  min_eig=2.376294e+03
[FW] iter=228  min_eig=2.376595e+03
[FW] iter=229  min_eig=2.376892e+03
[FW] iter=230  min_eig=2.377183e+03
[FW] iter=231  min_eig=2.377472e+03
[FW] iter=232  min_eig=2.377757e+03
[FW] iter=233  min_eig=2.378037e+03
[FW] iter=234  min_eig=2.378316e+03
[FW] iter=235  min_eig=2.378589e+03
[FW] iter=236  min_eig=2.378859e+03
[FW] iter=237  min_eig=2.379128e+03
[FW] iter=238  min_eig=2.379391e+03
[FW] iter=239  min_eig=2.379650e+03
[FW] iter=240  min_eig=2.379909e+03
[FW] iter=241  min_eig=2.380162e+03
[FW] iter=242  min_eig=2.380413e+03
[FW] iter=243  min_eig=2.380661e+03
[FW] iter=244  min_eig=2.380906e+03
[FW] iter=245  min_eig=2.381147e+03
[FW] iter=246  min_eig=2.381386e+03
[FW] iter=247  min_eig=2.381622e+03
[FW] iter=248  min_eig=2.381855e+03
[FW] iter=249  min_eig=2.382086e+03
[FW] iter=250  min_eig=2.382314e+03
[FW] iter=251  min_eig=2.382538e+03
[FW] iter=252  min_eig=2.382760e+03
[FW] iter=253  min_eig=2.382980e+03
[FW] iter=254  min_eig=2.383196e+03
[FW] iter=255  min_eig=2.383411e+03
[FW] iter=256  min_eig=2.383623e+03
[FW] iter=257  min_eig=2.383832e+03
[FW] iter=258  min_eig=2.384040e+03
[FW] iter=259  min_eig=2.384244e+03
[FW] iter=260  min_eig=2.384446e+03
[FW] iter=261  min_eig=2.384646e+03
[FW] iter=262  min_eig=2.384844e+03
[FW] iter=263  min_eig=2.385039e+03
[FW] iter=264  min_eig=2.385232e+03
[FW] iter=265  min_eig=2.385423e+03
[FW] iter=266  min_eig=2.385612e+03
[FW] iter=267  min_eig=2.385799e+03
[FW] iter=268  min_eig=2.385984e+03
[FW] iter=269  min_eig=2.386166e+03
[FW] iter=270  min_eig=2.386347e+03
[FW] iter=271  min_eig=2.386526e+03
[FW] iter=272  min_eig=2.386702e+03
[FW] iter=273  min_eig=2.386877e+03
[FW] iter=274  min_eig=2.387050e+03
[FW] iter=275  min_eig=2.387221e+03
[FW] iter=276  min_eig=2.387390e+03
[FW] iter=277  min_eig=2.387557e+03
[FW] iter=278  min_eig=2.387722e+03
[FW] iter=279  min_eig=2.387885e+03
[FW] iter=280  min_eig=2.388048e+03
[FW] iter=281  min_eig=2.388207e+03
[FW] iter=282  min_eig=2.388366e+03
[FW] iter=283  min_eig=2.388524e+03
[FW] iter=284  min_eig=2.388678e+03
[FW] iter=285  min_eig=2.388832e+03
[FW] iter=286  min_eig=2.388984e+03
[FW] iter=287  min_eig=2.389135e+03
[FW] iter=288  min_eig=2.389284e+03
[FW] iter=289  min_eig=2.389430e+03
[FW] iter=290  min_eig=2.389576e+03
[FW] iter=291  min_eig=2.389720e+03
[FW] iter=292  min_eig=2.389863e+03
[FW] iter=293  min_eig=2.390004e+03
[FW] iter=294  min_eig=2.390145e+03
[FW] iter=295  min_eig=2.390283e+03
[FW] iter=296  min_eig=2.390419e+03
[FW] iter=297  min_eig=2.390555e+03
[FW] iter=298  min_eig=2.390689e+03
[FW] iter=299  min_eig=2.390823e+03
    selected 20 poses in 3.6s  score=2.4058e+03

[fw-a] running...
[FW-A] Building 720 candidate information matrices...
Building FIM:   0%|          | 0/720 [00:00<?, ?candidate/s]Building FIM:  62%|██████▏   | 448/720 [00:00<00:00, 3014.18candidate/s]Building FIM: 100%|██████████| 720/720 [00:00<00:00, 4154.26candidate/s]
[FW-A] Done. Starting Frank-Wolfe A-optimal (select_k=20)...
[FW-A] Pre-extracting dense blocks (intr_dim=9, num_poses=720)...
[FW-A] Block extraction done. Starting iterations...
[FW-A] iter=  0  -trace(H^{-1})=-1.272696e-03
[FW-A] iter=  1  -trace(H^{-1})=-1.270907e-03
[FW-A] iter=  2  -trace(H^{-1})=-1.957709e-03
[FW-A] iter=  3  -trace(H^{-1})=-1.894460e-03
[FW-A] iter=  4  -trace(H^{-1})=-1.704512e-03
[FW-A] iter=  5  -trace(H^{-1})=-1.894144e-03
[FW-A] iter=  6  -trace(H^{-1})=-2.014159e-03
[FW-A] iter=  7  -trace(H^{-1})=-2.041505e-03
[FW-A] iter=  8  -trace(H^{-1})=-2.182996e-03
[FW-A] iter=  9  -trace(H^{-1})=-2.194866e-03
[FW-A] iter= 10  -trace(H^{-1})=-2.271234e-03
[FW-A] iter= 11  -trace(H^{-1})=-2.371549e-03
[FW-A] iter= 12  -trace(H^{-1})=-2.302664e-03
[FW-A] iter= 13  -trace(H^{-1})=-2.002946e-03
[FW-A] iter= 14  -trace(H^{-1})=-1.672240e-03
[FW-A] iter= 15  -trace(H^{-1})=-1.448766e-03
[FW-A] iter= 16  -trace(H^{-1})=-1.446327e-03
[FW-A] iter= 17  -trace(H^{-1})=-1.474516e-03
[FW-A] iter= 18  -trace(H^{-1})=-1.513962e-03
[FW-A] iter= 19  -trace(H^{-1})=-1.429153e-03
[FW-A] iter= 20  -trace(H^{-1})=-1.346643e-03
[FW-A] iter= 21  -trace(H^{-1})=-1.307741e-03
[FW-A] iter= 22  -trace(H^{-1})=-1.276643e-03
[FW-A] iter= 23  -trace(H^{-1})=-1.285536e-03
[FW-A] iter= 24  -trace(H^{-1})=-1.308259e-03
[FW-A] iter= 25  -trace(H^{-1})=-1.307998e-03
[FW-A] iter= 26  -trace(H^{-1})=-1.266682e-03
[FW-A] iter= 27  -trace(H^{-1})=-1.245138e-03
[FW-A] iter= 28  -trace(H^{-1})=-1.219197e-03
[FW-A] iter= 29  -trace(H^{-1})=-1.215207e-03
[FW-A] iter= 30  -trace(H^{-1})=-1.239234e-03
[FW-A] iter= 31  -trace(H^{-1})=-1.259070e-03
[FW-A] iter= 32  -trace(H^{-1})=-1.263596e-03
[FW-A] iter= 33  -trace(H^{-1})=-1.244794e-03
[FW-A] iter= 34  -trace(H^{-1})=-1.253477e-03
[FW-A] iter= 35  -trace(H^{-1})=-1.287903e-03
[FW-A] iter= 36  -trace(H^{-1})=-1.295315e-03
[FW-A] iter= 37  -trace(H^{-1})=-1.209465e-03
[FW-A] iter= 38  -trace(H^{-1})=-1.151243e-03
[FW-A] iter= 39  -trace(H^{-1})=-1.103952e-03
[FW-A] iter= 40  -trace(H^{-1})=-1.063995e-03
[FW-A] iter= 41  -trace(H^{-1})=-1.030186e-03
[FW-A] iter= 42  -trace(H^{-1})=-1.000663e-03
[FW-A] iter= 43  -trace(H^{-1})=-9.747135e-04
[FW-A] iter= 44  -trace(H^{-1})=-9.519772e-04
[FW-A] iter= 45  -trace(H^{-1})=-9.317827e-04
[FW-A] iter= 46  -trace(H^{-1})=-9.137854e-04
[FW-A] iter= 47  -trace(H^{-1})=-8.976093e-04
[FW-A] iter= 48  -trace(H^{-1})=-8.830321e-04
[FW-A] iter= 49  -trace(H^{-1})=-8.698504e-04
[FW-A] iter= 50  -trace(H^{-1})=-8.578214e-04
[FW-A] iter= 51  -trace(H^{-1})=-8.468559e-04
[FW-A] iter= 52  -trace(H^{-1})=-8.368276e-04
[FW-A] iter= 53  -trace(H^{-1})=-8.276638e-04
[FW-A] iter= 54  -trace(H^{-1})=-8.191619e-04
[FW-A] iter= 55  -trace(H^{-1})=-8.112814e-04
[FW-A] iter= 56  -trace(H^{-1})=-8.039751e-04
[FW-A] iter= 57  -trace(H^{-1})=-7.972077e-04
[FW-A] iter= 58  -trace(H^{-1})=-7.908782e-04
[FW-A] iter= 59  -trace(H^{-1})=-7.849869e-04
[FW-A] iter= 60  -trace(H^{-1})=-7.794887e-04
[FW-A] iter= 61  -trace(H^{-1})=-7.743521e-04
[FW-A] iter= 62  -trace(H^{-1})=-7.695004e-04
[FW-A] iter= 63  -trace(H^{-1})=-7.649536e-04
[FW-A] iter= 64  -trace(H^{-1})=-7.606813e-04
[FW-A] iter= 65  -trace(H^{-1})=-7.566494e-04
[FW-A] iter= 66  -trace(H^{-1})=-7.528432e-04
[FW-A] iter= 67  -trace(H^{-1})=-7.492581e-04
[FW-A] iter= 68  -trace(H^{-1})=-7.458489e-04
[FW-A] iter= 69  -trace(H^{-1})=-7.426277e-04
[FW-A] iter= 70  -trace(H^{-1})=-7.395785e-04
[FW-A] iter= 71  -trace(H^{-1})=-7.366869e-04
[FW-A] iter= 72  -trace(H^{-1})=-7.339225e-04
[FW-A] Converged at iter 72  -trace(H^{-1})=-7.339225e-04  gap=9.74e-05
    selected 20 poses in 2.0s  score=-6.5606e-04

[fw-d] running...
[FW-D] Building 720 candidate information matrices...
Building FIM:   0%|          | 0/720 [00:00<?, ?candidate/s]Building FIM:  62%|██████▏   | 448/720 [00:00<00:00, 3279.28candidate/s]Building FIM: 100%|██████████| 720/720 [00:00<00:00, 3766.98candidate/s]
[FW-D] Done. Starting Frank-Wolfe D-optimal (select_k=20)...
[FW-D] Pre-extracting dense blocks (intr_dim=9, num_poses=720)...
[FW-D] Block extraction done. Starting iterations...
[FW-D] iter=  0  logdet=1.552257e+02
[FW-D] iter=  1  logdet=1.569083e+02
[FW-D] iter=  2  logdet=1.551802e+02
[FW-D] iter=  3  logdet=1.546652e+02
[FW-D] iter=  4  logdet=1.541719e+02
[FW-D] iter=  5  logdet=1.535924e+02
[FW-D] iter=  6  logdet=1.539031e+02
[FW-D] iter=  7  logdet=1.537504e+02
[FW-D] iter=  8  logdet=1.538180e+02
[FW-D] iter=  9  logdet=1.539139e+02
[FW-D] iter= 10  logdet=1.539995e+02
[FW-D] iter= 11  logdet=1.538683e+02
[FW-D] iter= 12  logdet=1.539537e+02
[FW-D] iter= 13  logdet=1.546173e+02
[FW-D] iter= 14  logdet=1.548449e+02
[FW-D] iter= 15  logdet=1.552149e+02
[FW-D] iter= 16  logdet=1.552252e+02
[FW-D] iter= 17  logdet=1.553227e+02
[FW-D] iter= 18  logdet=1.552547e+02
[FW-D] iter= 19  logdet=1.553034e+02
[FW-D] iter= 20  logdet=1.554181e+02
[FW-D] iter= 21  logdet=1.554332e+02
[FW-D] iter= 22  logdet=1.555225e+02
[FW-D] iter= 23  logdet=1.555714e+02
[FW-D] iter= 24  logdet=1.555297e+02
[FW-D] iter= 25  logdet=1.554202e+02
[FW-D] iter= 26  logdet=1.554046e+02
[FW-D] iter= 27  logdet=1.553747e+02
[FW-D] iter= 28  logdet=1.553864e+02
[FW-D] iter= 29  logdet=1.552942e+02
[FW-D] iter= 30  logdet=1.552001e+02
[FW-D] iter= 31  logdet=1.551881e+02
[FW-D] iter= 32  logdet=1.550903e+02
[FW-D] iter= 33  logdet=1.550576e+02
[FW-D] iter= 34  logdet=1.549855e+02
[FW-D] iter= 35  logdet=1.549296e+02
[FW-D] iter= 36  logdet=1.549114e+02
[FW-D] iter= 37  logdet=1.551995e+02
[FW-D] iter= 38  logdet=1.554359e+02
[FW-D] iter= 39  logdet=1.556367e+02
[FW-D] iter= 40  logdet=1.558140e+02
[FW-D] iter= 41  logdet=1.559728e+02
[FW-D] iter= 42  logdet=1.561150e+02
[FW-D] iter= 43  logdet=1.562438e+02
[FW-D] iter= 44  logdet=1.563612e+02
[FW-D] iter= 45  logdet=1.564685e+02
[FW-D] iter= 46  logdet=1.565672e+02
[FW-D] iter= 47  logdet=1.566581e+02
[FW-D] iter= 48  logdet=1.567421e+02
[FW-D] iter= 49  logdet=1.568202e+02
[FW-D] iter= 50  logdet=1.568928e+02
[FW-D] iter= 51  logdet=1.569605e+02
[FW-D] iter= 52  logdet=1.570235e+02
[FW-D] iter= 53  logdet=1.570826e+02
[FW-D] iter= 54  logdet=1.571379e+02
[FW-D] iter= 55  logdet=1.571898e+02
[FW-D] iter= 56  logdet=1.572385e+02
[FW-D] iter= 57  logdet=1.572843e+02
[FW-D] iter= 58  logdet=1.573275e+02
[FW-D] iter= 59  logdet=1.573683e+02
[FW-D] iter= 60  logdet=1.574068e+02
[FW-D] iter= 61  logdet=1.574435e+02
[FW-D] iter= 62  logdet=1.574782e+02
[FW-D] iter= 63  logdet=1.575112e+02
[FW-D] iter= 64  logdet=1.575425e+02
[FW-D] iter= 65  logdet=1.575723e+02
[FW-D] iter= 66  logdet=1.576006e+02
[FW-D] iter= 67  logdet=1.576275e+02
[FW-D] iter= 68  logdet=1.576531e+02
[FW-D] iter= 69  logdet=1.576776e+02
[FW-D] iter= 70  logdet=1.577010e+02
[FW-D] iter= 71  logdet=1.577233e+02
[FW-D] iter= 72  logdet=1.577446e+02
[FW-D] iter= 73  logdet=1.577651e+02
[FW-D] iter= 74  logdet=1.577846e+02
[FW-D] iter= 75  logdet=1.578034e+02
[FW-D] iter= 76  logdet=1.578213e+02
[FW-D] iter= 77  logdet=1.578385e+02
[FW-D] iter= 78  logdet=1.578551e+02
[FW-D] iter= 79  logdet=1.578709e+02
[FW-D] iter= 80  logdet=1.578862e+02
[FW-D] iter= 81  logdet=1.579009e+02
[FW-D] iter= 82  logdet=1.579150e+02
[FW-D] iter= 83  logdet=1.579285e+02
[FW-D] iter= 84  logdet=1.579416e+02
[FW-D] iter= 85  logdet=1.579542e+02
[FW-D] iter= 86  logdet=1.579663e+02
[FW-D] iter= 87  logdet=1.579781e+02
[FW-D] iter= 88  logdet=1.579893e+02
[FW-D] iter= 89  logdet=1.580003e+02
[FW-D] iter= 90  logdet=1.580108e+02
[FW-D] iter= 91  logdet=1.580210e+02
[FW-D] iter= 92  logdet=1.580308e+02
[FW-D] iter= 93  logdet=1.580403e+02
[FW-D] iter= 94  logdet=1.580495e+02
[FW-D] iter= 95  logdet=1.580584e+02
[FW-D] iter= 96  logdet=1.580670e+02
[FW-D] iter= 97  logdet=1.580753e+02
[FW-D] iter= 98  logdet=1.580834e+02
[FW-D] iter= 99  logdet=1.580912e+02
[FW-D] iter=100  logdet=1.580988e+02
[FW-D] iter=101  logdet=1.581061e+02
[FW-D] iter=102  logdet=1.581132e+02
[FW-D] iter=103  logdet=1.581202e+02
[FW-D] iter=104  logdet=1.581269e+02
[FW-D] iter=105  logdet=1.581334e+02
[FW-D] iter=106  logdet=1.581397e+02
[FW-D] iter=107  logdet=1.581459e+02
[FW-D] iter=108  logdet=1.581518e+02
[FW-D] iter=109  logdet=1.581576e+02
[FW-D] iter=110  logdet=1.581633e+02
[FW-D] iter=111  logdet=1.581688e+02
[FW-D] iter=112  logdet=1.581741e+02
[FW-D] iter=113  logdet=1.581793e+02
[FW-D] iter=114  logdet=1.581844e+02
[FW-D] iter=115  logdet=1.581893e+02
[FW-D] iter=116  logdet=1.581941e+02
[FW-D] iter=117  logdet=1.581987e+02
[FW-D] iter=118  logdet=1.582033e+02
[FW-D] iter=119  logdet=1.582077e+02
[FW-D] iter=120  logdet=1.582120e+02
[FW-D] iter=121  logdet=1.582162e+02
[FW-D] iter=122  logdet=1.582203e+02
[FW-D] iter=123  logdet=1.582243e+02
[FW-D] iter=124  logdet=1.582282e+02
[FW-D] iter=125  logdet=1.582321e+02
[FW-D] iter=126  logdet=1.582358e+02
[FW-D] iter=127  logdet=1.582394e+02
[FW-D] iter=128  logdet=1.582429e+02
[FW-D] iter=129  logdet=1.582464e+02
[FW-D] iter=130  logdet=1.582498e+02
[FW-D] iter=131  logdet=1.582531e+02
[FW-D] iter=132  logdet=1.582563e+02
[FW-D] iter=133  logdet=1.582595e+02
[FW-D] iter=134  logdet=1.582625e+02
[FW-D] iter=135  logdet=1.582656e+02
[FW-D] iter=136  logdet=1.582685e+02
[FW-D] iter=137  logdet=1.582714e+02
[FW-D] iter=138  logdet=1.582742e+02
[FW-D] iter=139  logdet=1.582769e+02
[FW-D] iter=140  logdet=1.582796e+02
[FW-D] iter=141  logdet=1.582823e+02
[FW-D] iter=142  logdet=1.582849e+02
[FW-D] iter=143  logdet=1.582874e+02
[FW-D] iter=144  logdet=1.582899e+02
[FW-D] iter=145  logdet=1.582923e+02
[FW-D] iter=146  logdet=1.582946e+02
[FW-D] iter=147  logdet=1.582970e+02
[FW-D] iter=148  logdet=1.582992e+02
[FW-D] iter=149  logdet=1.583015e+02
[FW-D] iter=150  logdet=1.583036e+02
[FW-D] iter=151  logdet=1.583058e+02
[FW-D] iter=152  logdet=1.583079e+02
[FW-D] iter=153  logdet=1.583099e+02
[FW-D] iter=154  logdet=1.583120e+02
[FW-D] iter=155  logdet=1.583139e+02
[FW-D] iter=156  logdet=1.583159e+02
[FW-D] iter=157  logdet=1.583178e+02
[FW-D] iter=158  logdet=1.583196e+02
[FW-D] iter=159  logdet=1.583215e+02
[FW-D] iter=160  logdet=1.583233e+02
[FW-D] iter=161  logdet=1.583250e+02
[FW-D] iter=162  logdet=1.583267e+02
[FW-D] iter=163  logdet=1.583284e+02
[FW-D] iter=164  logdet=1.583301e+02
[FW-D] iter=165  logdet=1.583317e+02
[FW-D] iter=166  logdet=1.583333e+02
[FW-D] iter=167  logdet=1.583349e+02
[FW-D] iter=168  logdet=1.583365e+02
[FW-D] iter=169  logdet=1.583380e+02
[FW-D] iter=170  logdet=1.583395e+02
[FW-D] iter=171  logdet=1.583409e+02
[FW-D] iter=172  logdet=1.583424e+02
[FW-D] iter=173  logdet=1.583438e+02
[FW-D] iter=174  logdet=1.583452e+02
[FW-D] iter=175  logdet=1.583466e+02
[FW-D] iter=176  logdet=1.583479e+02
[FW-D] iter=177  logdet=1.583492e+02
[FW-D] iter=178  logdet=1.583505e+02
[FW-D] iter=179  logdet=1.583518e+02
[FW-D] iter=180  logdet=1.583530e+02
[FW-D] iter=181  logdet=1.583543e+02
[FW-D] iter=182  logdet=1.583555e+02
[FW-D] iter=183  logdet=1.583567e+02
[FW-D] iter=184  logdet=1.583579e+02
[FW-D] iter=185  logdet=1.583590e+02
[FW-D] iter=186  logdet=1.583602e+02
[FW-D] iter=187  logdet=1.583613e+02
[FW-D] iter=188  logdet=1.583624e+02
[FW-D] iter=189  logdet=1.583635e+02
[FW-D] iter=190  logdet=1.583645e+02
[FW-D] iter=191  logdet=1.583656e+02
[FW-D] iter=192  logdet=1.583666e+02
[FW-D] iter=193  logdet=1.583676e+02
[FW-D] iter=194  logdet=1.583686e+02
[FW-D] iter=195  logdet=1.583696e+02
[FW-D] iter=196  logdet=1.583706e+02
[FW-D] iter=197  logdet=1.583715e+02
[FW-D] iter=198  logdet=1.583725e+02
[FW-D] iter=199  logdet=1.583734e+02
[FW-D] iter=200  logdet=1.583743e+02
[FW-D] iter=201  logdet=1.583752e+02
[FW-D] iter=202  logdet=1.583761e+02
[FW-D] iter=203  logdet=1.583770e+02
[FW-D] iter=204  logdet=1.583778e+02
[FW-D] iter=205  logdet=1.583787e+02
[FW-D] iter=206  logdet=1.583795e+02
[FW-D] iter=207  logdet=1.583803e+02
[FW-D] iter=208  logdet=1.583811e+02
[FW-D] iter=209  logdet=1.583819e+02
[FW-D] iter=210  logdet=1.583827e+02
[FW-D] iter=211  logdet=1.583835e+02
[FW-D] iter=212  logdet=1.583843e+02
[FW-D] iter=213  logdet=1.583850e+02
[FW-D] iter=214  logdet=1.583858e+02
[FW-D] iter=215  logdet=1.583865e+02
[FW-D] iter=216  logdet=1.583872e+02
[FW-D] iter=217  logdet=1.583879e+02
[FW-D] iter=218  logdet=1.583886e+02
[FW-D] iter=219  logdet=1.583893e+02
[FW-D] iter=220  logdet=1.583900e+02
[FW-D] iter=221  logdet=1.583907e+02
[FW-D] iter=222  logdet=1.583913e+02
[FW-D] iter=223  logdet=1.583920e+02
[FW-D] iter=224  logdet=1.583927e+02
[FW-D] iter=225  logdet=1.583933e+02
[FW-D] iter=226  logdet=1.583939e+02
[FW-D] iter=227  logdet=1.583945e+02
[FW-D] iter=228  logdet=1.583952e+02
[FW-D] iter=229  logdet=1.583958e+02
[FW-D] iter=230  logdet=1.583964e+02
[FW-D] iter=231  logdet=1.583970e+02
[FW-D] iter=232  logdet=1.583975e+02
[FW-D] iter=233  logdet=1.583981e+02
[FW-D] iter=234  logdet=1.583987e+02
[FW-D] iter=235  logdet=1.583992e+02
[FW-D] iter=236  logdet=1.583998e+02
[FW-D] iter=237  logdet=1.584003e+02
[FW-D] iter=238  logdet=1.584009e+02
[FW-D] iter=239  logdet=1.584014e+02
[FW-D] iter=240  logdet=1.584019e+02
[FW-D] iter=241  logdet=1.584025e+02
[FW-D] iter=242  logdet=1.584030e+02
[FW-D] iter=243  logdet=1.584035e+02
[FW-D] iter=244  logdet=1.584040e+02
[FW-D] iter=245  logdet=1.584045e+02
[FW-D] iter=246  logdet=1.584050e+02
[FW-D] iter=247  logdet=1.584054e+02
[FW-D] iter=248  logdet=1.584059e+02
[FW-D] iter=249  logdet=1.584064e+02
[FW-D] iter=250  logdet=1.584069e+02
[FW-D] iter=251  logdet=1.584073e+02
[FW-D] iter=252  logdet=1.584078e+02
[FW-D] iter=253  logdet=1.584082e+02
[FW-D] iter=254  logdet=1.584087e+02
[FW-D] iter=255  logdet=1.584091e+02
[FW-D] iter=256  logdet=1.584095e+02
[FW-D] iter=257  logdet=1.584100e+02
[FW-D] iter=258  logdet=1.584104e+02
[FW-D] iter=259  logdet=1.584108e+02
[FW-D] iter=260  logdet=1.584112e+02
[FW-D] iter=261  logdet=1.584116e+02
[FW-D] iter=262  logdet=1.584120e+02
[FW-D] iter=263  logdet=1.584124e+02
[FW-D] iter=264  logdet=1.584128e+02
[FW-D] iter=265  logdet=1.584132e+02
[FW-D] iter=266  logdet=1.584136e+02
[FW-D] iter=267  logdet=1.584140e+02
[FW-D] iter=268  logdet=1.584143e+02
[FW-D] iter=269  logdet=1.584147e+02
[FW-D] iter=270  logdet=1.584151e+02
[FW-D] iter=271  logdet=1.584155e+02
[FW-D] iter=272  logdet=1.584158e+02
[FW-D] iter=273  logdet=1.584162e+02
[FW-D] iter=274  logdet=1.584165e+02
[FW-D] iter=275  logdet=1.584169e+02
[FW-D] iter=276  logdet=1.584172e+02
[FW-D] iter=277  logdet=1.584176e+02
[FW-D] iter=278  logdet=1.584179e+02
[FW-D] iter=279  logdet=1.584182e+02
[FW-D] iter=280  logdet=1.584186e+02
[FW-D] iter=281  logdet=1.584189e+02
[FW-D] iter=282  logdet=1.584192e+02
[FW-D] iter=283  logdet=1.584195e+02
[FW-D] iter=284  logdet=1.584198e+02
[FW-D] iter=285  logdet=1.584202e+02
[FW-D] iter=286  logdet=1.584205e+02
[FW-D] iter=287  logdet=1.584208e+02
[FW-D] iter=288  logdet=1.584211e+02
[FW-D] iter=289  logdet=1.584214e+02
[FW-D] iter=290  logdet=1.584217e+02
[FW-D] iter=291  logdet=1.584220e+02
[FW-D] iter=292  logdet=1.584223e+02
[FW-D] iter=293  logdet=1.584226e+02
[FW-D] iter=294  logdet=1.584228e+02
[FW-D] iter=295  logdet=1.584231e+02
[FW-D] iter=296  logdet=1.584234e+02
[FW-D] iter=297  logdet=1.584237e+02
[FW-D] iter=298  logdet=1.584240e+02
[FW-D] iter=299  logdet=1.584242e+02
    selected 20 poses in 3.7s  score=1.5844e+02
/usr/lib/python3/dist-packages/numpy/core/_methods.py:44: RuntimeWarning: invalid value encountered in reduce
  return umr_minimum(a, axis, None, out, keepdims, initial, where)
/usr/lib/python3/dist-packages/numpy/core/_methods.py:40: RuntimeWarning: invalid value encountered in reduce
  return umr_maximum(a, axis, None, out, keepdims, initial, where)

============================================================================================================================================================================
RESULTS
Method                   min_eig        logdet     trace_cov  focal_err_px     pp_err_px      dist_err   rot_err_deg  trans_err_cm     train_rms   heldout_rms        time_s
----------------------------------------------------------------------------------------------------------------------------------------------------------------------------
greedy-e              2.4064e+03    1.5755e+02    6.5918e-04    1.7571e-02    3.0163e-02    1.0401e-04    8.2638e-04    7.9296e-04    1.3858e-02    3.1668e-02    4.7013e+00
fw-e                  2.4058e+03    1.5759e+02    6.5694e-04    1.8005e-02    3.1491e-02    4.2200e-05    8.3475e-04    8.3294e-04    1.3857e-02    3.2873e-02    3.6187e+00
a-optimal             2.3652e+03    1.5769e+02    6.4989e-04    1.2742e-03    1.2872e-02    2.1183e-04    5.3468e-04    4.1940e-04    1.3930e-02    1.7708e-02    7.0463e+00
fw-a                  2.3632e+03    1.5768e+02    6.5606e-04    4.9241e-03    2.0714e-02    1.8757e-04    7.6661e-04    6.3795e-04    1.3900e-02    2.4138e-02    2.0152e+00
d-optimal             1.7815e+03    1.5846e+02    7.7587e-04    1.1490e-02    8.9425e-03    1.4309e-04    4.1735e-04    2.9839e-04    1.4078e-02    1.4838e-02    5.0578e+00
fw-d                  1.7704e+03    1.5844e+02    7.8317e-04    1.0490e-02    1.0277e-02    3.9170e-05    5.2435e-04    4.2074e-04    1.4052e-02    1.6114e-02    3.7415e+00
random             9.367e+02±2.2e+02 1.550e+02±5.0e-01 1.457e-03±3.1e-04 1.527e-02±8.5e-03 3.399e-02±2.0e-02 3.320e-04±2.5e-04 9.099e-04±3.5e-04 9.524e-04±5.3e-04 1.390e-02±1.4e-04 3.627e-02±1.9e-02    2.0413e+00
coverage              7.7659e+02    1.5457e+02    1.6770e-03    2.2682e-03    1.1429e-02    5.3331e-04    4.6275e-04    3.9934e-04    1.3847e-02    1.6924e-02    6.9857e-04
============================================================================================================================================================================

Outputs saved to: results/fresh_20260427_055200/aprilgrid_medium_noiseless/benchmark_20260427_055326
  benchmark_results.json
  benchmark_table.csv
  benchmark_comparison.png
