
=== Benchmark ===
  problem     : results/k20/datasets/charuco_zero/all_candidate_problem.npz
  candidates  : 720
  select_k    : 20
  FIM backend : numeric
  calibration : cv2.calibrateCamera

[random] running 25 trials...
    mean min_eig=8.8475e+02  ±2.05e+02

[coverage] running...
    selected 20 poses in 0.0s  score=nan

[a-optimal] running...
    selected 20 poses in 5.8s  score=-7.5082e-04

[d-optimal] running...
    selected 20 poses in 6.9s  score=1.5634e+02

[greedy-e] running...
    selected 20 poses in 11.2s  score=2.0368e+03

[fw-e] running...
[FW] Building 720 candidate information matrices...
Building FIM:   0%|          | 0/720 [00:00<?, ?candidate/s]Building FIM:   4%|▍         | 32/720 [00:00<00:04, 149.86candidate/s]Building FIM:  13%|█▎        | 96/720 [00:00<00:02, 249.28candidate/s]Building FIM:  49%|████▉     | 352/720 [00:00<00:00, 817.77candidate/s]Building FIM: 100%|██████████| 720/720 [00:00<00:00, 1196.49candidate/s]
[FW] Done. Starting Frank-Wolfe optimization (select_k=20)...
[FW] Pre-extracting dense blocks (intr_dim=9, num_poses=720)...
[FW] Block extraction done. Starting iterations...
[FW] iter=  0  min_eig=9.945127e+02
[FW] iter=  1  min_eig=1.459610e+03
[FW] iter=  2  min_eig=7.573516e+02
[FW] iter=  3  min_eig=6.834409e+02
[FW] iter=  4  min_eig=7.868847e+02
[FW] iter=  5  min_eig=7.154027e+02
[FW] iter=  6  min_eig=5.890831e+02
[FW] iter=  7  min_eig=4.884840e+02
[FW] iter=  8  min_eig=4.008015e+02
[FW] iter=  9  min_eig=5.123637e+02
[FW] iter= 10  min_eig=5.190519e+02
[FW] iter= 11  min_eig=5.415462e+02
[FW] iter= 12  min_eig=5.484601e+02
[FW] iter= 13  min_eig=5.225894e+02
[FW] iter= 14  min_eig=1.021280e+03
[FW] iter= 15  min_eig=9.935899e+02
[FW] iter= 16  min_eig=9.208405e+02
[FW] iter= 17  min_eig=8.737007e+02
[FW] iter= 18  min_eig=9.233467e+02
[FW] iter= 19  min_eig=1.004983e+03
[FW] iter= 20  min_eig=1.049524e+03
[FW] iter= 21  min_eig=1.113914e+03
[FW] iter= 22  min_eig=1.048543e+03
[FW] iter= 23  min_eig=1.045574e+03
[FW] iter= 24  min_eig=1.009228e+03
[FW] iter= 25  min_eig=9.974304e+02
[FW] iter= 26  min_eig=9.983759e+02
[FW] iter= 27  min_eig=9.997424e+02
[FW] iter= 28  min_eig=1.049458e+03
[FW] iter= 29  min_eig=1.045289e+03
[FW] iter= 30  min_eig=1.033146e+03
[FW] iter= 31  min_eig=9.825200e+02
[FW] iter= 32  min_eig=9.609074e+02
[FW] iter= 33  min_eig=9.732706e+02
[FW] iter= 34  min_eig=9.617505e+02
[FW] iter= 35  min_eig=9.244527e+02
[FW] iter= 36  min_eig=9.142171e+02
[FW] iter= 37  min_eig=1.010844e+03
[FW] iter= 38  min_eig=1.059427e+03
[FW] iter= 39  min_eig=1.107914e+03
[FW] iter= 40  min_eig=1.152173e+03
[FW] iter= 41  min_eig=1.193994e+03
[FW] iter= 42  min_eig=1.234169e+03
[FW] iter= 43  min_eig=1.270646e+03
[FW] iter= 44  min_eig=1.306141e+03
[FW] iter= 45  min_eig=1.339715e+03
[FW] iter= 46  min_eig=1.368607e+03
[FW] iter= 47  min_eig=1.397639e+03
[FW] iter= 48  min_eig=1.422625e+03
[FW] iter= 49  min_eig=1.447986e+03
[FW] iter= 50  min_eig=1.471365e+03
[FW] iter= 51  min_eig=1.494740e+03
[FW] iter= 52  min_eig=1.516201e+03
[FW] iter= 53  min_eig=1.534915e+03
[FW] iter= 54  min_eig=1.553305e+03
[FW] iter= 55  min_eig=1.570696e+03
[FW] iter= 56  min_eig=1.588334e+03
[FW] iter= 57  min_eig=1.604598e+03
[FW] iter= 58  min_eig=1.619070e+03
[FW] iter= 59  min_eig=1.634271e+03
[FW] iter= 60  min_eig=1.648308e+03
[FW] iter= 61  min_eig=1.660807e+03
[FW] iter= 62  min_eig=1.673987e+03
[FW] iter= 63  min_eig=1.686170e+03
[FW] iter= 64  min_eig=1.697458e+03
[FW] iter= 65  min_eig=1.707585e+03
[FW] iter= 66  min_eig=1.718094e+03
[FW] iter= 67  min_eig=1.728008e+03
[FW] iter= 68  min_eig=1.737028e+03
[FW] iter= 69  min_eig=1.746462e+03
[FW] iter= 70  min_eig=1.755213e+03
[FW] iter= 71  min_eig=1.763050e+03
[FW] iter= 72  min_eig=1.771435e+03
[FW] iter= 73  min_eig=1.779219e+03
[FW] iter= 74  min_eig=1.786094e+03
[FW] iter= 75  min_eig=1.793571e+03
[FW] iter= 76  min_eig=1.800514e+03
[FW] iter= 77  min_eig=1.806971e+03
[FW] iter= 78  min_eig=1.812786e+03
[FW] iter= 79  min_eig=1.818784e+03
[FW] iter= 80  min_eig=1.824597e+03
[FW] iter= 81  min_eig=1.829965e+03
[FW] iter= 82  min_eig=1.835611e+03
[FW] iter= 83  min_eig=1.840863e+03
[FW] iter= 84  min_eig=1.845526e+03
[FW] iter= 85  min_eig=1.850643e+03
[FW] iter= 86  min_eig=1.855402e+03
[FW] iter= 87  min_eig=1.859431e+03
[FW] iter= 88  min_eig=1.864102e+03
[FW] iter= 89  min_eig=1.868447e+03
[FW] iter= 90  min_eig=1.872167e+03
[FW] iter= 91  min_eig=1.876429e+03
[FW] iter= 92  min_eig=1.880393e+03
[FW] iter= 93  min_eig=1.884083e+03
[FW] iter= 94  min_eig=1.887494e+03
[FW] iter= 95  min_eig=1.891137e+03
[FW] iter= 96  min_eig=1.894528e+03
[FW] iter= 97  min_eig=1.897506e+03
[FW] iter= 98  min_eig=1.900861e+03
[FW] iter= 99  min_eig=1.903981e+03
[FW] iter=100  min_eig=1.906594e+03
[FW] iter=101  min_eig=1.909703e+03
[FW] iter=102  min_eig=1.912595e+03
[FW] iter=103  min_eig=1.915358e+03
[FW] iter=104  min_eig=1.918041e+03
[FW] iter=105  min_eig=1.920352e+03
[FW] iter=106  min_eig=1.923028e+03
[FW] iter=107  min_eig=1.925516e+03
[FW] iter=108  min_eig=1.927503e+03
[FW] iter=109  min_eig=1.930003e+03
[FW] iter=110  min_eig=1.932327e+03
[FW] iter=111  min_eig=1.934538e+03
[FW] iter=112  min_eig=1.936700e+03
[FW] iter=113  min_eig=1.938524e+03
[FW] iter=114  min_eig=1.940697e+03
[FW] iter=115  min_eig=1.942715e+03
[FW] iter=116  min_eig=1.944245e+03
[FW] iter=117  min_eig=1.946289e+03
[FW] iter=118  min_eig=1.948188e+03
[FW] iter=119  min_eig=1.949985e+03
[FW] iter=120  min_eig=1.951757e+03
[FW] iter=121  min_eig=1.953456e+03
[FW] iter=122  min_eig=1.955108e+03
[FW] iter=123  min_eig=1.956548e+03
[FW] iter=124  min_eig=1.958228e+03
[FW] iter=125  min_eig=1.959786e+03
[FW] iter=126  min_eig=1.961287e+03
[FW] iter=127  min_eig=1.962743e+03
[FW] iter=128  min_eig=1.964040e+03
[FW] iter=129  min_eig=1.965526e+03
[FW] iter=130  min_eig=1.966904e+03
[FW] iter=131  min_eig=1.968235e+03
[FW] iter=132  min_eig=1.969524e+03
[FW] iter=133  min_eig=1.970579e+03
[FW] iter=134  min_eig=1.971906e+03
[FW] iter=135  min_eig=1.973136e+03
[FW] iter=136  min_eig=1.974247e+03
[FW] iter=137  min_eig=1.975503e+03
[FW] iter=138  min_eig=1.976667e+03
[FW] iter=139  min_eig=1.977780e+03
[FW] iter=140  min_eig=1.978871e+03
[FW] iter=141  min_eig=1.979826e+03
[FW] iter=142  min_eig=1.980952e+03
[FW] iter=143  min_eig=1.981991e+03
[FW] iter=144  min_eig=1.982989e+03
[FW] iter=145  min_eig=1.983965e+03
[FW] iter=146  min_eig=1.984748e+03
[FW] iter=147  min_eig=1.985762e+03
[FW] iter=148  min_eig=1.986699e+03
[FW] iter=149  min_eig=1.987524e+03
[FW] iter=150  min_eig=1.988491e+03
[FW] iter=151  min_eig=1.989384e+03
[FW] iter=152  min_eig=1.990232e+03
[FW] iter=153  min_eig=1.991071e+03
[FW] iter=154  min_eig=1.991793e+03
[FW] iter=155  min_eig=1.992666e+03
[FW] iter=156  min_eig=1.993472e+03
[FW] iter=157  min_eig=1.994238e+03
[FW] iter=158  min_eig=1.994995e+03
[FW] iter=159  min_eig=1.995589e+03
[FW] iter=160  min_eig=1.996383e+03
[FW] iter=161  min_eig=1.997114e+03
[FW] iter=162  min_eig=1.997740e+03
[FW] iter=163  min_eig=1.998501e+03
[FW] iter=164  min_eig=1.999203e+03
[FW] iter=165  min_eig=1.999864e+03
[FW] iter=166  min_eig=2.000523e+03
[FW] iter=167  min_eig=2.001002e+03
[FW] iter=168  min_eig=2.001698e+03
[FW] iter=169  min_eig=2.002338e+03
[FW] iter=170  min_eig=2.002868e+03
[FW] iter=171  min_eig=2.003537e+03
[FW] iter=172  min_eig=2.004153e+03
[FW] iter=173  min_eig=2.004726e+03
[FW] iter=174  min_eig=2.005305e+03
[FW] iter=175  min_eig=2.005770e+03
[FW] iter=176  min_eig=2.006382e+03
[FW] iter=177  min_eig=2.006943e+03
[FW] iter=178  min_eig=2.007467e+03
[FW] iter=179  min_eig=2.007995e+03
[FW] iter=180  min_eig=2.008369e+03
[FW] iter=181  min_eig=2.008930e+03
[FW] iter=182  min_eig=2.009446e+03
[FW] iter=183  min_eig=2.009858e+03
[FW] iter=184  min_eig=2.010402e+03
[FW] iter=185  min_eig=2.010900e+03
[FW] iter=186  min_eig=2.011356e+03
[FW] iter=187  min_eig=2.011770e+03
[FW] iter=188  min_eig=2.012255e+03
[FW] iter=189  min_eig=2.012699e+03
[FW] iter=190  min_eig=2.013070e+03
[FW] iter=191  min_eig=2.013541e+03
[FW] iter=192  min_eig=2.013972e+03
[FW] iter=193  min_eig=2.014266e+03
[FW] iter=194  min_eig=2.014728e+03
[FW] iter=195  min_eig=2.015150e+03
[FW] iter=196  min_eig=2.015567e+03
[FW] iter=197  min_eig=2.015964e+03
[FW] iter=198  min_eig=2.016283e+03
[FW] iter=199  min_eig=2.016707e+03
[FW] iter=200  min_eig=2.017094e+03
[FW] iter=201  min_eig=2.017386e+03
[FW] iter=202  min_eig=2.017800e+03
[FW] iter=203  min_eig=2.018178e+03
[FW] iter=204  min_eig=2.018522e+03
[FW] iter=205  min_eig=2.018839e+03
[FW] iter=206  min_eig=2.019210e+03
[FW] iter=207  min_eig=2.019547e+03
[FW] iter=208  min_eig=2.019819e+03
[FW] iter=209  min_eig=2.020180e+03
[FW] iter=210  min_eig=2.020509e+03
[FW] iter=211  min_eig=2.020741e+03
[FW] iter=212  min_eig=2.021098e+03
[FW] iter=213  min_eig=2.021422e+03
[FW] iter=214  min_eig=2.021741e+03
[FW] iter=215  min_eig=2.022046e+03
[FW] iter=216  min_eig=2.022354e+03
[FW] iter=217  min_eig=2.022640e+03
[FW] iter=218  min_eig=2.022900e+03
[FW] iter=219  min_eig=2.023212e+03
[FW] iter=220  min_eig=2.023494e+03
[FW] iter=221  min_eig=2.023724e+03
[FW] iter=222  min_eig=2.024030e+03
[FW] iter=223  min_eig=2.024308e+03
[FW] iter=224  min_eig=2.024584e+03
[FW] iter=225  min_eig=2.024845e+03
[FW] iter=226  min_eig=2.025066e+03
[FW] iter=227  min_eig=2.025351e+03
[FW] iter=228  min_eig=2.025609e+03
[FW] iter=229  min_eig=2.025866e+03
[FW] iter=230  min_eig=2.026108e+03
[FW] iter=231  min_eig=2.026321e+03
[FW] iter=232  min_eig=2.026587e+03
[FW] iter=233  min_eig=2.026826e+03
[FW] iter=234  min_eig=2.027065e+03
[FW] iter=235  min_eig=2.027290e+03
[FW] iter=236  min_eig=2.027495e+03
[FW] iter=237  min_eig=2.027743e+03
[FW] iter=238  min_eig=2.027966e+03
[FW] iter=239  min_eig=2.028147e+03
[FW] iter=240  min_eig=2.028391e+03
[FW] iter=241  min_eig=2.028612e+03
[FW] iter=242  min_eig=2.028828e+03
[FW] iter=243  min_eig=2.029034e+03
[FW] iter=244  min_eig=2.029211e+03
[FW] iter=245  min_eig=2.029439e+03
[FW] iter=246  min_eig=2.029644e+03
[FW] iter=247  min_eig=2.029845e+03
[FW] iter=248  min_eig=2.030038e+03
[FW] iter=249  min_eig=2.030209e+03
[FW] iter=250  min_eig=2.030422e+03
[FW] iter=251  min_eig=2.030613e+03
[FW] iter=252  min_eig=2.030764e+03
[FW] iter=253  min_eig=2.030975e+03
[FW] iter=254  min_eig=2.031165e+03
[FW] iter=255  min_eig=2.031348e+03
[FW] iter=256  min_eig=2.031527e+03
[FW] iter=257  min_eig=2.031673e+03
[FW] iter=258  min_eig=2.031871e+03
[FW] iter=259  min_eig=2.032049e+03
[FW] iter=260  min_eig=2.032220e+03
[FW] iter=261  min_eig=2.032387e+03
[FW] iter=262  min_eig=2.032498e+03
[FW] iter=263  min_eig=2.032685e+03
[FW] iter=264  min_eig=2.032852e+03
[FW] iter=265  min_eig=2.032982e+03
[FW] iter=266  min_eig=2.033167e+03
[FW] iter=267  min_eig=2.033332e+03
[FW] iter=268  min_eig=2.033489e+03
[FW] iter=269  min_eig=2.033644e+03
[FW] iter=270  min_eig=2.033766e+03
[FW] iter=271  min_eig=2.033940e+03
[FW] iter=272  min_eig=2.034094e+03
[FW] iter=273  min_eig=2.034242e+03
[FW] iter=274  min_eig=2.034387e+03
[FW] iter=275  min_eig=2.034479e+03
[FW] iter=276  min_eig=2.034643e+03
[FW] iter=277  min_eig=2.034790e+03
[FW] iter=278  min_eig=2.034942e+03
[FW] iter=279  min_eig=2.035082e+03
[FW] iter=280  min_eig=2.035226e+03
[FW] iter=281  min_eig=2.035361e+03
[FW] iter=282  min_eig=2.035497e+03
[FW] iter=283  min_eig=2.035600e+03
[FW] iter=284  min_eig=2.035753e+03
[FW] iter=285  min_eig=2.035889e+03
[FW] iter=286  min_eig=2.036016e+03
[FW] iter=287  min_eig=2.036143e+03
[FW] iter=288  min_eig=2.036221e+03
[FW] iter=289  min_eig=2.036365e+03
[FW] iter=290  min_eig=2.036494e+03
[FW] iter=291  min_eig=2.036626e+03
[FW] iter=292  min_eig=2.036747e+03
[FW] iter=293  min_eig=2.036875e+03
[FW] iter=294  min_eig=2.036991e+03
[FW] iter=295  min_eig=2.037111e+03
[FW] iter=296  min_eig=2.037197e+03
[FW] iter=297  min_eig=2.037333e+03
[FW] iter=298  min_eig=2.037453e+03
[FW] iter=299  min_eig=2.037563e+03
    selected 20 poses in 6.3s  score=1.9393e+03

[fw-a] running...
[FW-A] Building 720 candidate information matrices...
Building FIM:   0%|          | 0/720 [00:00<?, ?candidate/s]Building FIM:  44%|████▍     | 320/720 [00:00<00:00, 1301.12candidate/s]Building FIM:  63%|██████▎   | 451/720 [00:00<00:00, 1024.16candidate/s]Building FIM:  80%|████████  | 576/720 [00:00<00:00, 1037.10candidate/s]Building FIM:  98%|█████████▊| 704/720 [00:00<00:00, 988.97candidate/s] Building FIM: 100%|██████████| 720/720 [00:00<00:00, 1059.11candidate/s]
[FW-A] Done. Starting Frank-Wolfe A-optimal (select_k=20)...
[FW-A] Pre-extracting dense blocks (intr_dim=9, num_poses=720)...
[FW-A] Block extraction done. Starting iterations...
[FW-A] iter=  0  -trace(H^{-1})=-1.347252e-03
[FW-A] iter=  1  -trace(H^{-1})=-4.226216e+02
[FW-A] iter=  2  -trace(H^{-1})=-4.086897e-03
[FW-A] iter=  3  -trace(H^{-1})=-2.479590e-03
[FW-A] iter=  4  -trace(H^{-1})=-1.656082e-03
[FW-A] iter=  5  -trace(H^{-1})=-1.543746e-03
[FW-A] iter=  6  -trace(H^{-1})=-1.676551e-03
[FW-A] iter=  7  -trace(H^{-1})=-1.852880e-03
[FW-A] iter=  8  -trace(H^{-1})=-2.107310e-03
[FW-A] iter=  9  -trace(H^{-1})=-2.064128e-03
[FW-A] iter= 10  -trace(H^{-1})=-2.020559e-03
[FW-A] iter= 11  -trace(H^{-1})=-2.005245e-03
[FW-A] iter= 12  -trace(H^{-1})=-2.016872e-03
[FW-A] iter= 13  -trace(H^{-1})=-2.084310e-03
[FW-A] iter= 14  -trace(H^{-1})=-1.394675e-03
[FW-A] iter= 15  -trace(H^{-1})=-1.411748e-03
[FW-A] iter= 16  -trace(H^{-1})=-1.492803e-03
[FW-A] iter= 17  -trace(H^{-1})=-1.519711e-03
[FW-A] iter= 18  -trace(H^{-1})=-1.454833e-03
[FW-A] iter= 19  -trace(H^{-1})=-1.455868e-03
[FW-A] iter= 20  -trace(H^{-1})=-1.328973e-03
[FW-A] iter= 21  -trace(H^{-1})=-1.336292e-03
[FW-A] iter= 22  -trace(H^{-1})=-1.349325e-03
[FW-A] iter= 23  -trace(H^{-1})=-1.378914e-03
[FW-A] iter= 24  -trace(H^{-1})=-1.411595e-03
[FW-A] iter= 25  -trace(H^{-1})=-1.392033e-03
[FW-A] iter= 26  -trace(H^{-1})=-1.384255e-03
[FW-A] iter= 27  -trace(H^{-1})=-1.332444e-03
[FW-A] iter= 28  -trace(H^{-1})=-1.289222e-03
[FW-A] iter= 29  -trace(H^{-1})=-1.277795e-03
[FW-A] iter= 30  -trace(H^{-1})=-1.298781e-03
[FW-A] iter= 31  -trace(H^{-1})=-1.349120e-03
[FW-A] iter= 32  -trace(H^{-1})=-1.378397e-03
[FW-A] iter= 33  -trace(H^{-1})=-1.358046e-03
[FW-A] iter= 34  -trace(H^{-1})=-1.357763e-03
[FW-A] iter= 35  -trace(H^{-1})=-1.399389e-03
[FW-A] iter= 36  -trace(H^{-1})=-1.406046e-03
[FW-A] iter= 37  -trace(H^{-1})=-1.326409e-03
[FW-A] iter= 38  -trace(H^{-1})=-1.267806e-03
[FW-A] iter= 39  -trace(H^{-1})=-1.222188e-03
[FW-A] iter= 40  -trace(H^{-1})=-1.180653e-03
[FW-A] iter= 41  -trace(H^{-1})=-1.145004e-03
[FW-A] iter= 42  -trace(H^{-1})=-1.116586e-03
[FW-A] iter= 43  -trace(H^{-1})=-1.089568e-03
[FW-A] iter= 44  -trace(H^{-1})=-1.066879e-03
[FW-A] iter= 45  -trace(H^{-1})=-1.046373e-03
[FW-A] iter= 46  -trace(H^{-1})=-1.027781e-03
[FW-A] iter= 47  -trace(H^{-1})=-1.010316e-03
[FW-A] iter= 48  -trace(H^{-1})=-9.956152e-04
[FW-A] iter= 49  -trace(H^{-1})=-9.811237e-04
[FW-A] iter= 50  -trace(H^{-1})=-9.683819e-04
[FW-A] iter= 51  -trace(H^{-1})=-9.568533e-04
[FW-A] iter= 52  -trace(H^{-1})=-9.457944e-04
[FW-A] iter= 53  -trace(H^{-1})=-9.359762e-04
[FW-A] iter= 54  -trace(H^{-1})=-9.271790e-04
[FW-A] iter= 55  -trace(H^{-1})=-9.184843e-04
[FW-A] iter= 56  -trace(H^{-1})=-9.110008e-04
[FW-A] iter= 57  -trace(H^{-1})=-9.034183e-04
[FW-A] iter= 58  -trace(H^{-1})=-8.966277e-04
[FW-A] iter= 59  -trace(H^{-1})=-8.904593e-04
[FW-A] iter= 60  -trace(H^{-1})=-8.843038e-04
[FW-A] iter= 61  -trace(H^{-1})=-8.787627e-04
[FW-A] iter= 62  -trace(H^{-1})=-8.737985e-04
[FW-A] iter= 63  -trace(H^{-1})=-8.687120e-04
[FW-A] iter= 64  -trace(H^{-1})=-8.642774e-04
[FW-A] iter= 65  -trace(H^{-1})=-8.597118e-04
[FW-A] iter= 66  -trace(H^{-1})=-8.555855e-04
[FW-A] iter= 67  -trace(H^{-1})=-8.518517e-04
[FW-A] iter= 68  -trace(H^{-1})=-8.480055e-04
[FW-A] iter= 69  -trace(H^{-1})=-8.445187e-04
[FW-A] iter= 70  -trace(H^{-1})=-8.413302e-04
[FW-A] iter= 71  -trace(H^{-1})=-8.381480e-04
[FW-A] iter= 72  -trace(H^{-1})=-8.352543e-04
[FW-A] iter= 73  -trace(H^{-1})=-8.322511e-04
[FW-A] iter= 74  -trace(H^{-1})=-8.295240e-04
[FW-A] iter= 75  -trace(H^{-1})=-8.270909e-04
[FW-A] iter= 76  -trace(H^{-1})=-8.244968e-04
[FW-A] Converged at iter 76  -trace(H^{-1})=-8.244968e-04  gap=9.46e-05
    selected 20 poses in 2.6s  score=-7.9294e-04

[fw-d] running...
[FW-D] Building 720 candidate information matrices...
Building FIM:   0%|          | 0/720 [00:00<?, ?candidate/s]Building FIM:  62%|██████▏   | 448/720 [00:00<00:00, 3090.63candidate/s]Building FIM: 100%|██████████| 720/720 [00:00<00:00, 3737.51candidate/s]
[FW-D] Done. Starting Frank-Wolfe D-optimal (select_k=20)...
[FW-D] Pre-extracting dense blocks (intr_dim=9, num_poses=720)...
[FW-D] Block extraction done. Starting iterations...
[FW-D] iter=  0  logdet=1.527226e+02
[FW-D] iter=  1  logdet=1.561421e+02
[FW-D] iter=  2  logdet=1.533462e+02
[FW-D] iter=  3  logdet=1.517585e+02
[FW-D] iter=  4  logdet=1.517193e+02
[FW-D] iter=  5  logdet=1.513482e+02
[FW-D] iter=  6  logdet=1.512178e+02
[FW-D] iter=  7  logdet=1.510847e+02
[FW-D] iter=  8  logdet=1.512974e+02
[FW-D] iter=  9  logdet=1.517484e+02
[FW-D] iter= 10  logdet=1.518351e+02
[FW-D] iter= 11  logdet=1.518222e+02
[FW-D] iter= 12  logdet=1.518557e+02
[FW-D] iter= 13  logdet=1.524195e+02
[FW-D] iter= 14  logdet=1.529023e+02
[FW-D] iter= 15  logdet=1.527085e+02
[FW-D] iter= 16  logdet=1.530130e+02
[FW-D] iter= 17  logdet=1.529708e+02
[FW-D] iter= 18  logdet=1.529334e+02
[FW-D] iter= 19  logdet=1.530882e+02
[FW-D] iter= 20  logdet=1.530856e+02
[FW-D] iter= 21  logdet=1.530073e+02
[FW-D] iter= 22  logdet=1.530230e+02
[FW-D] iter= 23  logdet=1.529699e+02
[FW-D] iter= 24  logdet=1.528907e+02
[FW-D] iter= 25  logdet=1.527859e+02
[FW-D] iter= 26  logdet=1.528216e+02
[FW-D] iter= 27  logdet=1.528093e+02
[FW-D] iter= 28  logdet=1.528294e+02
[FW-D] iter= 29  logdet=1.526913e+02
[FW-D] iter= 30  logdet=1.524886e+02
[FW-D] iter= 31  logdet=1.525217e+02
[FW-D] iter= 32  logdet=1.525032e+02
[FW-D] iter= 33  logdet=1.524719e+02
[FW-D] iter= 34  logdet=1.524592e+02
[FW-D] iter= 35  logdet=1.523865e+02
[FW-D] iter= 36  logdet=1.522583e+02
[FW-D] iter= 37  logdet=1.526032e+02
[FW-D] iter= 38  logdet=1.528828e+02
[FW-D] iter= 39  logdet=1.531251e+02
[FW-D] iter= 40  logdet=1.533366e+02
[FW-D] iter= 41  logdet=1.535233e+02
[FW-D] iter= 42  logdet=1.536901e+02
[FW-D] iter= 43  logdet=1.538411e+02
[FW-D] iter= 44  logdet=1.539780e+02
[FW-D] iter= 45  logdet=1.541030e+02
[FW-D] iter= 46  logdet=1.542177e+02
[FW-D] iter= 47  logdet=1.543229e+02
[FW-D] iter= 48  logdet=1.544197e+02
[FW-D] iter= 49  logdet=1.545097e+02
[FW-D] iter= 50  logdet=1.545929e+02
[FW-D] iter= 51  logdet=1.546700e+02
[FW-D] iter= 52  logdet=1.547422e+02
[FW-D] iter= 53  logdet=1.548094e+02
[FW-D] iter= 54  logdet=1.548720e+02
[FW-D] iter= 55  logdet=1.549311e+02
[FW-D] iter= 56  logdet=1.549864e+02
[FW-D] iter= 57  logdet=1.550380e+02
[FW-D] iter= 58  logdet=1.550871e+02
[FW-D] iter= 59  logdet=1.551332e+02
[FW-D] iter= 60  logdet=1.551767e+02
[FW-D] iter= 61  logdet=1.552177e+02
[FW-D] iter= 62  logdet=1.552567e+02
[FW-D] iter= 63  logdet=1.552935e+02
[FW-D] iter= 64  logdet=1.553283e+02
[FW-D] iter= 65  logdet=1.553616e+02
[FW-D] iter= 66  logdet=1.553931e+02
[FW-D] iter= 67  logdet=1.554229e+02
[FW-D] iter= 68  logdet=1.554515e+02
[FW-D] iter= 69  logdet=1.554788e+02
[FW-D] iter= 70  logdet=1.555047e+02
[FW-D] iter= 71  logdet=1.555293e+02
[FW-D] iter= 72  logdet=1.555530e+02
[FW-D] iter= 73  logdet=1.555756e+02
[FW-D] iter= 74  logdet=1.555971e+02
[FW-D] iter= 75  logdet=1.556179e+02
[FW-D] iter= 76  logdet=1.556378e+02
[FW-D] iter= 77  logdet=1.556558e+02
[FW-D] iter= 78  logdet=1.556743e+02
[FW-D] iter= 79  logdet=1.556919e+02
[FW-D] iter= 80  logdet=1.557088e+02
[FW-D] iter= 81  logdet=1.557249e+02
[FW-D] iter= 82  logdet=1.557406e+02
[FW-D] iter= 83  logdet=1.557556e+02
[FW-D] iter= 84  logdet=1.557701e+02
[FW-D] iter= 85  logdet=1.557839e+02
[FW-D] iter= 86  logdet=1.557973e+02
[FW-D] iter= 87  logdet=1.558102e+02
[FW-D] iter= 88  logdet=1.558226e+02
[FW-D] iter= 89  logdet=1.558346e+02
[FW-D] iter= 90  logdet=1.558462e+02
[FW-D] iter= 91  logdet=1.558574e+02
[FW-D] iter= 92  logdet=1.558682e+02
[FW-D] iter= 93  logdet=1.558786e+02
[FW-D] iter= 94  logdet=1.558887e+02
[FW-D] iter= 95  logdet=1.558984e+02
[FW-D] iter= 96  logdet=1.559079e+02
[FW-D] iter= 97  logdet=1.559171e+02
[FW-D] iter= 98  logdet=1.559258e+02
[FW-D] iter= 99  logdet=1.559345e+02
[FW-D] iter=100  logdet=1.559428e+02
[FW-D] iter=101  logdet=1.559507e+02
[FW-D] iter=102  logdet=1.559586e+02
[FW-D] iter=103  logdet=1.559661e+02
[FW-D] iter=104  logdet=1.559735e+02
[FW-D] iter=105  logdet=1.559806e+02
[FW-D] iter=106  logdet=1.559876e+02
[FW-D] iter=107  logdet=1.559943e+02
[FW-D] iter=108  logdet=1.560008e+02
[FW-D] iter=109  logdet=1.560072e+02
[FW-D] iter=110  logdet=1.560133e+02
[FW-D] iter=111  logdet=1.560194e+02
[FW-D] iter=112  logdet=1.560252e+02
[FW-D] iter=113  logdet=1.560309e+02
[FW-D] iter=114  logdet=1.560362e+02
[FW-D] iter=115  logdet=1.560417e+02
[FW-D] iter=116  logdet=1.560469e+02
[FW-D] iter=117  logdet=1.560521e+02
[FW-D] iter=118  logdet=1.560571e+02
[FW-D] iter=119  logdet=1.560619e+02
[FW-D] iter=120  logdet=1.560666e+02
[FW-D] iter=121  logdet=1.560712e+02
[FW-D] iter=122  logdet=1.560757e+02
[FW-D] iter=123  logdet=1.560801e+02
[FW-D] iter=124  logdet=1.560844e+02
[FW-D] iter=125  logdet=1.560885e+02
[FW-D] iter=126  logdet=1.560924e+02
[FW-D] iter=127  logdet=1.560964e+02
[FW-D] iter=128  logdet=1.561003e+02
[FW-D] iter=129  logdet=1.561041e+02
[FW-D] iter=130  logdet=1.561078e+02
[FW-D] iter=131  logdet=1.561114e+02
[FW-D] iter=132  logdet=1.561149e+02
[FW-D] iter=133  logdet=1.561184e+02
[FW-D] iter=134  logdet=1.561218e+02
[FW-D] iter=135  logdet=1.561250e+02
[FW-D] iter=136  logdet=1.561283e+02
[FW-D] iter=137  logdet=1.561314e+02
[FW-D] iter=138  logdet=1.561344e+02
[FW-D] iter=139  logdet=1.561375e+02
[FW-D] iter=140  logdet=1.561404e+02
[FW-D] iter=141  logdet=1.561430e+02
[FW-D] iter=142  logdet=1.561459e+02
[FW-D] iter=143  logdet=1.561487e+02
[FW-D] iter=144  logdet=1.561514e+02
[FW-D] iter=145  logdet=1.561540e+02
[FW-D] iter=146  logdet=1.561566e+02
[FW-D] iter=147  logdet=1.561592e+02
[FW-D] iter=148  logdet=1.561617e+02
[FW-D] iter=149  logdet=1.561641e+02
[FW-D] iter=150  logdet=1.561665e+02
[FW-D] iter=151  logdet=1.561688e+02
[FW-D] iter=152  logdet=1.561711e+02
[FW-D] iter=153  logdet=1.561734e+02
[FW-D] iter=154  logdet=1.561756e+02
[FW-D] iter=155  logdet=1.561777e+02
[FW-D] iter=156  logdet=1.561798e+02
[FW-D] iter=157  logdet=1.561819e+02
[FW-D] iter=158  logdet=1.561840e+02
[FW-D] iter=159  logdet=1.561859e+02
[FW-D] iter=160  logdet=1.561879e+02
[FW-D] iter=161  logdet=1.561898e+02
[FW-D] iter=162  logdet=1.561917e+02
[FW-D] iter=163  logdet=1.561934e+02
[FW-D] iter=164  logdet=1.561953e+02
[FW-D] iter=165  logdet=1.561971e+02
[FW-D] iter=166  logdet=1.561989e+02
[FW-D] iter=167  logdet=1.562006e+02
[FW-D] iter=168  logdet=1.562023e+02
[FW-D] iter=169  logdet=1.562039e+02
[FW-D] iter=170  logdet=1.562056e+02
[FW-D] iter=171  logdet=1.562071e+02
[FW-D] iter=172  logdet=1.562087e+02
[FW-D] iter=173  logdet=1.562103e+02
[FW-D] iter=174  logdet=1.562118e+02
[FW-D] iter=175  logdet=1.562133e+02
[FW-D] iter=176  logdet=1.562147e+02
[FW-D] iter=177  logdet=1.562162e+02
[FW-D] iter=178  logdet=1.562176e+02
[FW-D] iter=179  logdet=1.562190e+02
[FW-D] iter=180  logdet=1.562203e+02
[FW-D] iter=181  logdet=1.562215e+02
[FW-D] iter=182  logdet=1.562229e+02
[FW-D] iter=183  logdet=1.562242e+02
[FW-D] iter=184  logdet=1.562255e+02
[FW-D] iter=185  logdet=1.562268e+02
[FW-D] iter=186  logdet=1.562280e+02
[FW-D] iter=187  logdet=1.562292e+02
[FW-D] iter=188  logdet=1.562304e+02
[FW-D] iter=189  logdet=1.562316e+02
[FW-D] iter=190  logdet=1.562328e+02
[FW-D] iter=191  logdet=1.562339e+02
[FW-D] iter=192  logdet=1.562350e+02
[FW-D] iter=193  logdet=1.562362e+02
[FW-D] iter=194  logdet=1.562373e+02
[FW-D] iter=195  logdet=1.562383e+02
[FW-D] iter=196  logdet=1.562394e+02
[FW-D] iter=197  logdet=1.562404e+02
[FW-D] iter=198  logdet=1.562415e+02
[FW-D] iter=199  logdet=1.562425e+02
[FW-D] iter=200  logdet=1.562435e+02
[FW-D] iter=201  logdet=1.562444e+02
[FW-D] iter=202  logdet=1.562454e+02
[FW-D] iter=203  logdet=1.562463e+02
[FW-D] iter=204  logdet=1.562472e+02
[FW-D] iter=205  logdet=1.562482e+02
[FW-D] iter=206  logdet=1.562491e+02
[FW-D] iter=207  logdet=1.562500e+02
[FW-D] iter=208  logdet=1.562509e+02
[FW-D] iter=209  logdet=1.562517e+02
[FW-D] iter=210  logdet=1.562526e+02
[FW-D] iter=211  logdet=1.562534e+02
[FW-D] iter=212  logdet=1.562543e+02
[FW-D] iter=213  logdet=1.562551e+02
[FW-D] iter=214  logdet=1.562559e+02
[FW-D] iter=215  logdet=1.562567e+02
[FW-D] iter=216  logdet=1.562575e+02
[FW-D] iter=217  logdet=1.562583e+02
[FW-D] iter=218  logdet=1.562590e+02
[FW-D] iter=219  logdet=1.562598e+02
[FW-D] iter=220  logdet=1.562605e+02
[FW-D] iter=221  logdet=1.562612e+02
[FW-D] iter=222  logdet=1.562619e+02
[FW-D] iter=223  logdet=1.562626e+02
[FW-D] iter=224  logdet=1.562634e+02
[FW-D] iter=225  logdet=1.562641e+02
[FW-D] iter=226  logdet=1.562647e+02
[FW-D] iter=227  logdet=1.562654e+02
[FW-D] iter=228  logdet=1.562661e+02
[FW-D] iter=229  logdet=1.562667e+02
[FW-D] iter=230  logdet=1.562674e+02
[FW-D] iter=231  logdet=1.562681e+02
[FW-D] iter=232  logdet=1.562687e+02
[FW-D] iter=233  logdet=1.562693e+02
[FW-D] iter=234  logdet=1.562699e+02
[FW-D] iter=235  logdet=1.562706e+02
[FW-D] iter=236  logdet=1.562711e+02
[FW-D] iter=237  logdet=1.562718e+02
[FW-D] iter=238  logdet=1.562723e+02
[FW-D] iter=239  logdet=1.562729e+02
[FW-D] iter=240  logdet=1.562735e+02
[FW-D] iter=241  logdet=1.562741e+02
[FW-D] iter=242  logdet=1.562746e+02
[FW-D] iter=243  logdet=1.562752e+02
[FW-D] iter=244  logdet=1.562757e+02
[FW-D] iter=245  logdet=1.562762e+02
[FW-D] iter=246  logdet=1.562767e+02
[FW-D] iter=247  logdet=1.562773e+02
[FW-D] iter=248  logdet=1.562778e+02
[FW-D] iter=249  logdet=1.562783e+02
[FW-D] iter=250  logdet=1.562788e+02
[FW-D] iter=251  logdet=1.562793e+02
[FW-D] iter=252  logdet=1.562798e+02
[FW-D] iter=253  logdet=1.562803e+02
[FW-D] iter=254  logdet=1.562808e+02
[FW-D] iter=255  logdet=1.562813e+02
[FW-D] iter=256  logdet=1.562817e+02
[FW-D] iter=257  logdet=1.562822e+02
[FW-D] iter=258  logdet=1.562827e+02
[FW-D] iter=259  logdet=1.562831e+02
[FW-D] iter=260  logdet=1.562836e+02
[FW-D] iter=261  logdet=1.562839e+02
[FW-D] iter=262  logdet=1.562844e+02
[FW-D] iter=263  logdet=1.562848e+02
[FW-D] iter=264  logdet=1.562853e+02
[FW-D] iter=265  logdet=1.562857e+02
[FW-D] iter=266  logdet=1.562861e+02
[FW-D] iter=267  logdet=1.562865e+02
[FW-D] iter=268  logdet=1.562870e+02
[FW-D] iter=269  logdet=1.562874e+02
[FW-D] iter=270  logdet=1.562878e+02
[FW-D] iter=271  logdet=1.562882e+02
[FW-D] iter=272  logdet=1.562886e+02
[FW-D] iter=273  logdet=1.562889e+02
[FW-D] iter=274  logdet=1.562893e+02
[FW-D] iter=275  logdet=1.562897e+02
[FW-D] iter=276  logdet=1.562901e+02
[FW-D] iter=277  logdet=1.562905e+02
[FW-D] iter=278  logdet=1.562908e+02
[FW-D] iter=279  logdet=1.562912e+02
[FW-D] iter=280  logdet=1.562916e+02
[FW-D] iter=281  logdet=1.562919e+02
[FW-D] iter=282  logdet=1.562923e+02
[FW-D] iter=283  logdet=1.562926e+02
[FW-D] iter=284  logdet=1.562930e+02
[FW-D] iter=285  logdet=1.562933e+02
[FW-D] iter=286  logdet=1.562936e+02
[FW-D] iter=287  logdet=1.562939e+02
[FW-D] iter=288  logdet=1.562943e+02
[FW-D] iter=289  logdet=1.562946e+02
[FW-D] iter=290  logdet=1.562949e+02
[FW-D] iter=291  logdet=1.562953e+02
[FW-D] iter=292  logdet=1.562956e+02
[FW-D] iter=293  logdet=1.562959e+02
[FW-D] iter=294  logdet=1.562962e+02
[FW-D] iter=295  logdet=1.562965e+02
[FW-D] iter=296  logdet=1.562968e+02
[FW-D] iter=297  logdet=1.562971e+02
[FW-D] iter=298  logdet=1.562974e+02
[FW-D] iter=299  logdet=1.562977e+02
    selected 20 poses in 2.9s  score=1.5630e+02
/usr/lib/python3/dist-packages/numpy/core/_methods.py:44: RuntimeWarning: invalid value encountered in reduce
  return umr_minimum(a, axis, None, out, keepdims, initial, where)
/usr/lib/python3/dist-packages/numpy/core/_methods.py:40: RuntimeWarning: invalid value encountered in reduce
  return umr_maximum(a, axis, None, out, keepdims, initial, where)

============================================================================================================================================================================
RESULTS
Method                   min_eig        logdet     trace_cov  focal_err_px     pp_err_px      dist_err   rot_err_deg  trans_err_cm     train_rms   heldout_rms        time_s
----------------------------------------------------------------------------------------------------------------------------------------------------------------------------
greedy-e              2.0368e+03    1.5577e+02    7.5030e-04    8.4326e-03    1.8202e-02    2.5102e-05    5.9637e-04    5.1522e-04    1.4055e-02    2.2489e-02    1.1219e+01
a-optimal             2.0081e+03    1.5563e+02    7.5082e-04    8.0219e-03    2.8969e-02    1.1204e-04    8.1585e-04    6.9029e-04    1.3884e-02    3.1474e-02    5.7737e+00
fw-e                  1.9393e+03    1.5549e+02    7.9294e-04    5.8845e-03    2.1550e-02    1.6315e-04    6.7240e-04    5.4524e-04    1.3889e-02    2.5199e-02    6.3306e+00
fw-a                  1.9393e+03    1.5549e+02    7.9294e-04    5.8845e-03    2.1550e-02    1.6315e-04    6.7240e-04    5.4524e-04    1.3889e-02    2.5199e-02    2.6118e+00
fw-d                  1.8726e+03    1.5630e+02    7.9863e-04    1.7126e-02    2.2550e-02    7.2356e-05    7.2462e-04    6.5156e-04    1.3981e-02    2.6596e-02    2.8753e+00
d-optimal             1.8418e+03    1.5634e+02    8.0353e-04    1.6105e-02    2.7107e-02    7.7005e-05    8.7150e-04    7.5174e-04    1.4021e-02    3.1136e-02    6.8846e+00
random             8.848e+02±2.1e+02 1.525e+02±4.0e-01 1.542e-03±3.1e-04 1.414e-02±9.2e-03 2.600e-02±1.5e-02 3.416e-04±2.7e-04 6.947e-04±2.8e-04 7.169e-04±3.6e-04 1.391e-02±1.4e-04 2.954e-02±1.4e-02    2.1626e+00
coverage              7.1547e+02    1.5132e+02    1.8415e-03    2.1722e-02    4.9171e-02    7.1292e-04    1.4253e-03    1.4697e-03    1.3846e-02    5.2508e-02    5.4908e-04
============================================================================================================================================================================

Outputs saved to: results/fresh_20260427/charuco_noiseless/benchmark_20260427_051104
  benchmark_results.json
  benchmark_table.csv
  benchmark_comparison.png
