
=== Benchmark ===
  problem     : results/k20/datasets/aprilgrid_zero/all_candidate_problem_sigma10.npz
  candidates  : 720
  select_k    : 20
  FIM backend : numeric
  calibration : cv2.calibrateCamera

[random] running 25 trials...
    mean min_eig=9.1420e-02  ±2.01e-02

[coverage] running...
    selected 20 poses in 0.0s  score=nan

[a-optimal] running...
    selected 20 poses in 7.0s  score=-6.9219e+00

[d-optimal] running...
    selected 20 poses in 5.2s  score=7.3421e+01

[greedy-e] running...
    selected 20 poses in 4.9s  score=2.1667e-01

[fw-e] running...
[FW] Building 720 candidate information matrices...
Building FIM:   0%|          | 0/720 [00:00<?, ?candidate/s]Building FIM:   4%|▍         | 32/720 [00:00<00:03, 206.28candidate/s]Building FIM:  18%|█▊        | 128/720 [00:00<00:01, 446.70candidate/s]Building FIM:  62%|██████▏   | 448/720 [00:00<00:00, 1321.66candidate/s]Building FIM: 100%|██████████| 720/720 [00:00<00:00, 1432.72candidate/s]
[FW] Done. Starting Frank-Wolfe optimization (select_k=20)...
[FW] Pre-extracting dense blocks (intr_dim=9, num_poses=720)...
[FW] Block extraction done. Starting iterations...
[FW] iter=  0  min_eig=1.030288e-01
[FW] iter=  1  min_eig=2.352855e-03
[FW] iter=  2  min_eig=6.375319e-02
[FW] iter=  3  min_eig=7.163350e-02
[FW] iter=  4  min_eig=7.906861e-02
[FW] iter=  5  min_eig=6.911672e-02
[FW] iter=  6  min_eig=6.096587e-02
[FW] iter=  7  min_eig=5.585477e-02
[FW] iter=  8  min_eig=5.061615e-02
[FW] iter=  9  min_eig=5.654313e-02
[FW] iter= 10  min_eig=5.276765e-02
[FW] iter= 11  min_eig=5.329768e-02
[FW] iter= 12  min_eig=7.504683e-02
[FW] iter= 13  min_eig=9.299531e-02
[FW] iter= 14  min_eig=9.571215e-02
[FW] iter= 15  min_eig=9.799836e-02
[FW] iter= 16  min_eig=9.677229e-02
[FW] iter= 17  min_eig=9.397098e-02
[FW] iter= 18  min_eig=9.490686e-02
[FW] iter= 19  min_eig=9.874989e-02
[FW] iter= 20  min_eig=1.020792e-01
[FW] iter= 21  min_eig=1.051378e-01
[FW] iter= 22  min_eig=1.064927e-01
[FW] iter= 23  min_eig=1.043795e-01
[FW] iter= 24  min_eig=1.016122e-01
[FW] iter= 25  min_eig=9.975911e-02
[FW] iter= 26  min_eig=1.025199e-01
[FW] iter= 27  min_eig=1.036213e-01
[FW] iter= 28  min_eig=1.066646e-01
[FW] iter= 29  min_eig=1.077622e-01
[FW] iter= 30  min_eig=1.056194e-01
[FW] iter= 31  min_eig=9.992589e-02
[FW] iter= 32  min_eig=1.003792e-01
[FW] iter= 33  min_eig=1.020995e-01
[FW] iter= 34  min_eig=1.000083e-01
[FW] iter= 35  min_eig=9.598833e-02
[FW] iter= 36  min_eig=9.501779e-02
[FW] iter= 37  min_eig=1.066040e-01
[FW] iter= 38  min_eig=1.124506e-01
[FW] iter= 39  min_eig=1.177891e-01
[FW] iter= 40  min_eig=1.226671e-01
[FW] iter= 41  min_eig=1.273654e-01
[FW] iter= 42  min_eig=1.315622e-01
[FW] iter= 43  min_eig=1.356106e-01
[FW] iter= 44  min_eig=1.392472e-01
[FW] iter= 45  min_eig=1.427634e-01
[FW] iter= 46  min_eig=1.460692e-01
[FW] iter= 47  min_eig=1.492117e-01
[FW] iter= 48  min_eig=1.521784e-01
[FW] iter= 49  min_eig=1.549603e-01
[FW] iter= 50  min_eig=1.575616e-01
[FW] iter= 51  min_eig=1.600273e-01
[FW] iter= 52  min_eig=1.623481e-01
[FW] iter= 53  min_eig=1.645355e-01
[FW] iter= 54  min_eig=1.666011e-01
[FW] iter= 55  min_eig=1.685536e-01
[FW] iter= 56  min_eig=1.703927e-01
[FW] iter= 57  min_eig=1.721478e-01
[FW] iter= 58  min_eig=1.738111e-01
[FW] iter= 59  min_eig=1.753896e-01
[FW] iter= 60  min_eig=1.768888e-01
[FW] iter= 61  min_eig=1.783147e-01
[FW] iter= 62  min_eig=1.796636e-01
[FW] iter= 63  min_eig=1.809594e-01
[FW] iter= 64  min_eig=1.821934e-01
[FW] iter= 65  min_eig=1.833705e-01
[FW] iter= 66  min_eig=1.844936e-01
[FW] iter= 67  min_eig=1.855669e-01
[FW] iter= 68  min_eig=1.865925e-01
[FW] iter= 69  min_eig=1.875691e-01
[FW] iter= 70  min_eig=1.885109e-01
[FW] iter= 71  min_eig=1.894121e-01
[FW] iter= 72  min_eig=1.902757e-01
[FW] iter= 73  min_eig=1.911035e-01
[FW] iter= 74  min_eig=1.918980e-01
[FW] iter= 75  min_eig=1.926553e-01
[FW] iter= 76  min_eig=1.933908e-01
[FW] iter= 77  min_eig=1.940964e-01
[FW] iter= 78  min_eig=1.947746e-01
[FW] iter= 79  min_eig=1.954269e-01
[FW] iter= 80  min_eig=1.960548e-01
[FW] iter= 81  min_eig=1.966590e-01
[FW] iter= 82  min_eig=1.972391e-01
[FW] iter= 83  min_eig=1.978023e-01
[FW] iter= 84  min_eig=1.983447e-01
[FW] iter= 85  min_eig=1.988679e-01
[FW] iter= 86  min_eig=1.993726e-01
[FW] iter= 87  min_eig=1.998561e-01
[FW] iter= 88  min_eig=2.003286e-01
[FW] iter= 89  min_eig=2.007843e-01
[FW] iter= 90  min_eig=2.012253e-01
[FW] iter= 91  min_eig=2.016513e-01
[FW] iter= 92  min_eig=2.020633e-01
[FW] iter= 93  min_eig=2.024620e-01
[FW] iter= 94  min_eig=2.028452e-01
[FW] iter= 95  min_eig=2.032205e-01
[FW] iter= 96  min_eig=2.035831e-01
[FW] iter= 97  min_eig=2.039349e-01
[FW] iter= 98  min_eig=2.042756e-01
[FW] iter= 99  min_eig=2.046057e-01
[FW] iter=100  min_eig=2.049237e-01
[FW] iter=101  min_eig=2.052356e-01
[FW] iter=102  min_eig=2.055381e-01
[FW] iter=103  min_eig=2.058315e-01
[FW] iter=104  min_eig=2.061166e-01
[FW] iter=105  min_eig=2.063933e-01
[FW] iter=106  min_eig=2.066620e-01
[FW] iter=107  min_eig=2.069216e-01
[FW] iter=108  min_eig=2.071766e-01
[FW] iter=109  min_eig=2.074242e-01
[FW] iter=110  min_eig=2.076650e-01
[FW] iter=111  min_eig=2.078991e-01
[FW] iter=112  min_eig=2.081271e-01
[FW] iter=113  min_eig=2.083466e-01
[FW] iter=114  min_eig=2.085636e-01
[FW] iter=115  min_eig=2.087744e-01
[FW] iter=116  min_eig=2.089798e-01
[FW] iter=117  min_eig=2.091797e-01
[FW] iter=118  min_eig=2.093745e-01
[FW] iter=119  min_eig=2.095643e-01
[FW] iter=120  min_eig=2.097478e-01
[FW] iter=121  min_eig=2.099292e-01
[FW] iter=122  min_eig=2.101056e-01
[FW] iter=123  min_eig=2.102778e-01
[FW] iter=124  min_eig=2.104456e-01
[FW] iter=125  min_eig=2.106093e-01
[FW] iter=126  min_eig=2.107676e-01
[FW] iter=127  min_eig=2.109244e-01
[FW] iter=128  min_eig=2.110772e-01
[FW] iter=129  min_eig=2.112264e-01
[FW] iter=130  min_eig=2.113720e-01
[FW] iter=131  min_eig=2.115143e-01
[FW] iter=132  min_eig=2.116532e-01
[FW] iter=133  min_eig=2.117878e-01
[FW] iter=134  min_eig=2.119213e-01
[FW] iter=135  min_eig=2.120515e-01
[FW] iter=136  min_eig=2.121788e-01
[FW] iter=137  min_eig=2.123031e-01
[FW] iter=138  min_eig=2.124248e-01
[FW] iter=139  min_eig=2.125426e-01
[FW] iter=140  min_eig=2.126596e-01
[FW] iter=141  min_eig=2.127737e-01
[FW] iter=142  min_eig=2.128856e-01
[FW] iter=143  min_eig=2.129950e-01
[FW] iter=144  min_eig=2.131020e-01
[FW] iter=145  min_eig=2.132055e-01
[FW] iter=146  min_eig=2.133088e-01
[FW] iter=147  min_eig=2.134096e-01
[FW] iter=148  min_eig=2.135084e-01
[FW] iter=149  min_eig=2.136050e-01
[FW] iter=150  min_eig=2.136997e-01
[FW] iter=151  min_eig=2.137925e-01
[FW] iter=152  min_eig=2.138824e-01
[FW] iter=153  min_eig=2.139721e-01
[FW] iter=154  min_eig=2.140598e-01
[FW] iter=155  min_eig=2.141458e-01
[FW] iter=156  min_eig=2.142299e-01
[FW] iter=157  min_eig=2.143125e-01
[FW] iter=158  min_eig=2.143924e-01
[FW] iter=159  min_eig=2.144723e-01
[FW] iter=160  min_eig=2.145505e-01
[FW] iter=161  min_eig=2.146272e-01
[FW] iter=162  min_eig=2.147025e-01
[FW] iter=163  min_eig=2.147763e-01
[FW] iter=164  min_eig=2.148486e-01
[FW] iter=165  min_eig=2.149189e-01
[FW] iter=166  min_eig=2.149891e-01
[FW] iter=167  min_eig=2.150578e-01
[FW] iter=168  min_eig=2.151253e-01
[FW] iter=169  min_eig=2.151915e-01
[FW] iter=170  min_eig=2.152566e-01
[FW] iter=171  min_eig=2.153194e-01
[FW] iter=172  min_eig=2.153826e-01
[FW] iter=173  min_eig=2.154444e-01
[FW] iter=174  min_eig=2.155052e-01
[FW] iter=175  min_eig=2.155648e-01
[FW] iter=176  min_eig=2.156235e-01
[FW] iter=177  min_eig=2.156810e-01
[FW] iter=178  min_eig=2.157369e-01
[FW] iter=179  min_eig=2.157930e-01
[FW] iter=180  min_eig=2.158478e-01
[FW] iter=181  min_eig=2.159018e-01
[FW] iter=182  min_eig=2.159547e-01
[FW] iter=183  min_eig=2.160069e-01
[FW] iter=184  min_eig=2.160573e-01
[FW] iter=185  min_eig=2.161081e-01
[FW] iter=186  min_eig=2.161579e-01
[FW] iter=187  min_eig=2.162068e-01
[FW] iter=188  min_eig=2.162549e-01
[FW] iter=189  min_eig=2.163022e-01
[FW] iter=190  min_eig=2.163487e-01
[FW] iter=191  min_eig=2.163939e-01
[FW] iter=192  min_eig=2.164393e-01
[FW] iter=193  min_eig=2.164839e-01
[FW] iter=194  min_eig=2.165277e-01
[FW] iter=195  min_eig=2.165708e-01
[FW] iter=196  min_eig=2.166132e-01
[FW] iter=197  min_eig=2.166542e-01
[FW] iter=198  min_eig=2.166957e-01
[FW] iter=199  min_eig=2.167363e-01
[FW] iter=200  min_eig=2.167763e-01
[FW] iter=201  min_eig=2.168156e-01
[FW] iter=202  min_eig=2.168544e-01
[FW] iter=203  min_eig=2.168925e-01
[FW] iter=204  min_eig=2.169296e-01
[FW] iter=205  min_eig=2.169669e-01
[FW] iter=206  min_eig=2.170035e-01
[FW] iter=207  min_eig=2.170396e-01
[FW] iter=208  min_eig=2.170751e-01
[FW] iter=209  min_eig=2.171100e-01
[FW] iter=210  min_eig=2.171440e-01
[FW] iter=211  min_eig=2.171782e-01
[FW] iter=212  min_eig=2.172117e-01
[FW] iter=213  min_eig=2.172449e-01
[FW] iter=214  min_eig=2.172775e-01
[FW] iter=215  min_eig=2.173096e-01
[FW] iter=216  min_eig=2.173413e-01
[FW] iter=217  min_eig=2.173720e-01
[FW] iter=218  min_eig=2.174031e-01
[FW] iter=219  min_eig=2.174335e-01
[FW] iter=220  min_eig=2.174636e-01
[FW] iter=221  min_eig=2.174932e-01
[FW] iter=222  min_eig=2.175223e-01
[FW] iter=223  min_eig=2.175506e-01
[FW] iter=224  min_eig=2.175792e-01
[FW] iter=225  min_eig=2.176073e-01
[FW] iter=226  min_eig=2.176351e-01
[FW] iter=227  min_eig=2.176624e-01
[FW] iter=228  min_eig=2.176893e-01
[FW] iter=229  min_eig=2.177154e-01
[FW] iter=230  min_eig=2.177418e-01
[FW] iter=231  min_eig=2.177678e-01
[FW] iter=232  min_eig=2.177934e-01
[FW] iter=233  min_eig=2.178187e-01
[FW] iter=234  min_eig=2.178436e-01
[FW] iter=235  min_eig=2.178682e-01
[FW] iter=236  min_eig=2.178920e-01
[FW] iter=237  min_eig=2.179162e-01
[FW] iter=238  min_eig=2.179400e-01
[FW] iter=239  min_eig=2.179634e-01
[FW] iter=240  min_eig=2.179865e-01
[FW] iter=241  min_eig=2.180093e-01
[FW] iter=242  min_eig=2.180318e-01
[FW] iter=243  min_eig=2.180537e-01
[FW] iter=244  min_eig=2.180758e-01
[FW] iter=245  min_eig=2.180976e-01
[FW] iter=246  min_eig=2.181191e-01
[FW] iter=247  min_eig=2.181403e-01
[FW] iter=248  min_eig=2.181611e-01
[FW] iter=249  min_eig=2.181818e-01
[FW] iter=250  min_eig=2.182023e-01
[FW] iter=251  min_eig=2.182224e-01
[FW] iter=252  min_eig=2.182420e-01
[FW] iter=253  min_eig=2.182619e-01
[FW] iter=254  min_eig=2.182814e-01
[FW] iter=255  min_eig=2.183007e-01
[FW] iter=256  min_eig=2.183198e-01
[FW] iter=257  min_eig=2.183385e-01
[FW] iter=258  min_eig=2.183567e-01
[FW] iter=259  min_eig=2.183752e-01
[FW] iter=260  min_eig=2.183935e-01
[FW] iter=261  min_eig=2.184115e-01
[FW] iter=262  min_eig=2.184293e-01
[FW] iter=263  min_eig=2.184468e-01
[FW] iter=264  min_eig=2.184642e-01
[FW] iter=265  min_eig=2.184810e-01
[FW] iter=266  min_eig=2.184981e-01
[FW] iter=267  min_eig=2.185149e-01
[FW] iter=268  min_eig=2.185315e-01
[FW] iter=269  min_eig=2.185479e-01
[FW] iter=270  min_eig=2.185642e-01
[FW] iter=271  min_eig=2.185802e-01
[FW] iter=272  min_eig=2.185957e-01
[FW] iter=273  min_eig=2.186116e-01
[FW] iter=274  min_eig=2.186271e-01
[FW] iter=275  min_eig=2.186425e-01
[FW] iter=276  min_eig=2.186577e-01
[FW] iter=277  min_eig=2.186727e-01
[FW] iter=278  min_eig=2.186873e-01
[FW] iter=279  min_eig=2.187021e-01
[FW] iter=280  min_eig=2.187167e-01
[FW] iter=281  min_eig=2.187311e-01
[FW] iter=282  min_eig=2.187454e-01
[FW] iter=283  min_eig=2.187594e-01
[FW] iter=284  min_eig=2.187730e-01
[FW] iter=285  min_eig=2.187869e-01
[FW] iter=286  min_eig=2.188006e-01
[FW] iter=287  min_eig=2.188142e-01
[FW] iter=288  min_eig=2.188276e-01
[FW] iter=289  min_eig=2.188408e-01
[FW] iter=290  min_eig=2.188539e-01
[FW] iter=291  min_eig=2.188665e-01
[FW] iter=292  min_eig=2.188795e-01
[FW] iter=293  min_eig=2.188922e-01
[FW] iter=294  min_eig=2.189048e-01
[FW] iter=295  min_eig=2.189173e-01
[FW] iter=296  min_eig=2.189296e-01
[FW] iter=297  min_eig=2.189417e-01
[FW] iter=298  min_eig=2.189536e-01
[FW] iter=299  min_eig=2.189656e-01
    selected 20 poses in 3.1s  score=2.2020e-01

[fw-a] running...
[FW-A] Building 720 candidate information matrices...
Building FIM:   0%|          | 0/720 [00:00<?, ?candidate/s]Building FIM:  44%|████▍     | 320/720 [00:00<00:00, 3115.57candidate/s]Building FIM: 100%|██████████| 720/720 [00:00<00:00, 4150.36candidate/s]
[FW-A] Done. Starting Frank-Wolfe A-optimal (select_k=20)...
[FW-A] Pre-extracting dense blocks (intr_dim=9, num_poses=720)...
[FW-A] Block extraction done. Starting iterations...
[FW-A] iter=  0  -trace(H^{-1})=-1.307925e+01
[FW-A] iter=  1  -trace(H^{-1})=-4.269930e+02
[FW-A] iter=  2  -trace(H^{-1})=-1.942301e+01
[FW-A] iter=  3  -trace(H^{-1})=-1.831713e+01
[FW-A] iter=  4  -trace(H^{-1})=-1.654081e+01
[FW-A] iter=  5  -trace(H^{-1})=-1.732957e+01
[FW-A] iter=  6  -trace(H^{-1})=-1.865241e+01
[FW-A] iter=  7  -trace(H^{-1})=-1.939111e+01
[FW-A] iter=  8  -trace(H^{-1})=-2.007348e+01
[FW-A] iter=  9  -trace(H^{-1})=-2.000371e+01
[FW-A] iter= 10  -trace(H^{-1})=-2.149671e+01
[FW-A] iter= 11  -trace(H^{-1})=-2.154575e+01
[FW-A] iter= 12  -trace(H^{-1})=-1.882921e+01
[FW-A] iter= 13  -trace(H^{-1})=-1.476007e+01
[FW-A] iter= 14  -trace(H^{-1})=-1.404726e+01
[FW-A] iter= 15  -trace(H^{-1})=-1.341941e+01
[FW-A] iter= 16  -trace(H^{-1})=-1.334842e+01
[FW-A] iter= 17  -trace(H^{-1})=-1.400854e+01
[FW-A] iter= 18  -trace(H^{-1})=-1.417905e+01
[FW-A] iter= 19  -trace(H^{-1})=-1.353477e+01
[FW-A] iter= 20  -trace(H^{-1})=-1.325785e+01
[FW-A] iter= 21  -trace(H^{-1})=-1.267553e+01
[FW-A] iter= 22  -trace(H^{-1})=-1.280270e+01
[FW-A] iter= 23  -trace(H^{-1})=-1.287149e+01
[FW-A] iter= 24  -trace(H^{-1})=-1.313639e+01
[FW-A] iter= 25  -trace(H^{-1})=-1.340683e+01
[FW-A] iter= 26  -trace(H^{-1})=-1.298220e+01
[FW-A] iter= 27  -trace(H^{-1})=-1.304783e+01
[FW-A] iter= 28  -trace(H^{-1})=-1.264140e+01
[FW-A] iter= 29  -trace(H^{-1})=-1.257885e+01
[FW-A] iter= 30  -trace(H^{-1})=-1.288333e+01
[FW-A] iter= 31  -trace(H^{-1})=-1.333131e+01
[FW-A] iter= 32  -trace(H^{-1})=-1.326413e+01
[FW-A] iter= 33  -trace(H^{-1})=-1.302763e+01
[FW-A] iter= 34  -trace(H^{-1})=-1.325752e+01
[FW-A] iter= 35  -trace(H^{-1})=-1.371975e+01
[FW-A] iter= 36  -trace(H^{-1})=-1.383348e+01
[FW-A] iter= 37  -trace(H^{-1})=-1.275589e+01
[FW-A] iter= 38  -trace(H^{-1})=-1.216267e+01
[FW-A] iter= 39  -trace(H^{-1})=-1.169219e+01
[FW-A] iter= 40  -trace(H^{-1})=-1.128992e+01
[FW-A] iter= 41  -trace(H^{-1})=-1.093973e+01
[FW-A] iter= 42  -trace(H^{-1})=-1.063668e+01
[FW-A] iter= 43  -trace(H^{-1})=-1.037182e+01
[FW-A] iter= 44  -trace(H^{-1})=-1.013531e+01
[FW-A] iter= 45  -trace(H^{-1})=-9.925254e+00
[FW-A] iter= 46  -trace(H^{-1})=-9.738074e+00
[FW-A] iter= 47  -trace(H^{-1})=-9.568162e+00
[FW-A] iter= 48  -trace(H^{-1})=-9.414806e+00
[FW-A] iter= 49  -trace(H^{-1})=-9.275740e+00
[FW-A] iter= 50  -trace(H^{-1})=-9.149159e+00
[FW-A] iter= 51  -trace(H^{-1})=-9.032770e+00
[FW-A] iter= 52  -trace(H^{-1})=-8.926111e+00
[FW-A] iter= 53  -trace(H^{-1})=-8.828364e+00
[FW-A] iter= 54  -trace(H^{-1})=-8.737381e+00
[FW-A] iter= 55  -trace(H^{-1})=-8.653316e+00
[FW-A] iter= 56  -trace(H^{-1})=-8.575455e+00
[FW-A] iter= 57  -trace(H^{-1})=-8.503114e+00
[FW-A] iter= 58  -trace(H^{-1})=-8.435387e+00
[FW-A] iter= 59  -trace(H^{-1})=-8.372273e+00
[FW-A] iter= 60  -trace(H^{-1})=-8.313473e+00
[FW-A] iter= 61  -trace(H^{-1})=-8.257926e+00
[FW-A] iter= 62  -trace(H^{-1})=-8.205898e+00
[FW-A] iter= 63  -trace(H^{-1})=-8.157029e+00
[FW-A] iter= 64  -trace(H^{-1})=-8.110977e+00
[FW-A] iter= 65  -trace(H^{-1})=-8.067793e+00
[FW-A] iter= 66  -trace(H^{-1})=-8.026642e+00
[FW-A] iter= 67  -trace(H^{-1})=-7.987821e+00
[FW-A] iter= 68  -trace(H^{-1})=-7.951158e+00
[FW-A] iter= 69  -trace(H^{-1})=-7.916459e+00
[FW-A] iter= 70  -trace(H^{-1})=-7.883371e+00
[FW-A] iter= 71  -trace(H^{-1})=-7.852023e+00
[FW-A] iter= 72  -trace(H^{-1})=-7.822369e+00
[FW-A] iter= 73  -trace(H^{-1})=-7.793896e+00
[FW-A] iter= 74  -trace(H^{-1})=-7.766847e+00
[FW-A] iter= 75  -trace(H^{-1})=-7.741092e+00
[FW-A] iter= 76  -trace(H^{-1})=-7.716499e+00
[FW-A] iter= 77  -trace(H^{-1})=-7.693167e+00
[FW-A] iter= 78  -trace(H^{-1})=-7.670634e+00
[FW-A] iter= 79  -trace(H^{-1})=-7.649137e+00
[FW-A] iter= 80  -trace(H^{-1})=-7.628616e+00
[FW-A] iter= 81  -trace(H^{-1})=-7.608991e+00
[FW-A] iter= 82  -trace(H^{-1})=-7.590074e+00
[FW-A] iter= 83  -trace(H^{-1})=-7.571979e+00
[FW-A] iter= 84  -trace(H^{-1})=-7.554715e+00
[FW-A] iter= 85  -trace(H^{-1})=-7.537966e+00
[FW-A] iter= 86  -trace(H^{-1})=-7.521919e+00
[FW-A] iter= 87  -trace(H^{-1})=-7.506513e+00
[FW-A] iter= 88  -trace(H^{-1})=-7.491681e+00
[FW-A] iter= 89  -trace(H^{-1})=-7.477510e+00
[FW-A] iter= 90  -trace(H^{-1})=-7.463701e+00
[FW-A] iter= 91  -trace(H^{-1})=-7.450434e+00
[FW-A] iter= 92  -trace(H^{-1})=-7.437682e+00
[FW-A] iter= 93  -trace(H^{-1})=-7.425408e+00
[FW-A] iter= 94  -trace(H^{-1})=-7.413486e+00
[FW-A] iter= 95  -trace(H^{-1})=-7.402012e+00
[FW-A] iter= 96  -trace(H^{-1})=-7.391005e+00
[FW-A] iter= 97  -trace(H^{-1})=-7.380246e+00
[FW-A] iter= 98  -trace(H^{-1})=-7.369880e+00
[FW-A] iter= 99  -trace(H^{-1})=-7.359873e+00
[FW-A] iter=100  -trace(H^{-1})=-7.350183e+00
[FW-A] iter=101  -trace(H^{-1})=-7.340886e+00
[FW-A] iter=102  -trace(H^{-1})=-7.331762e+00
[FW-A] iter=103  -trace(H^{-1})=-7.322953e+00
[FW-A] iter=104  -trace(H^{-1})=-7.314447e+00
[FW-A] iter=105  -trace(H^{-1})=-7.306224e+00
[FW-A] iter=106  -trace(H^{-1})=-7.298190e+00
[FW-A] iter=107  -trace(H^{-1})=-7.290424e+00
[FW-A] iter=108  -trace(H^{-1})=-7.282949e+00
[FW-A] iter=109  -trace(H^{-1})=-7.275599e+00
[FW-A] iter=110  -trace(H^{-1})=-7.268488e+00
[FW-A] iter=111  -trace(H^{-1})=-7.261597e+00
[FW-A] iter=112  -trace(H^{-1})=-7.254895e+00
[FW-A] iter=113  -trace(H^{-1})=-7.248446e+00
[FW-A] iter=114  -trace(H^{-1})=-7.242083e+00
[FW-A] iter=115  -trace(H^{-1})=-7.235917e+00
[FW-A] iter=116  -trace(H^{-1})=-7.229943e+00
[FW-A] iter=117  -trace(H^{-1})=-7.224150e+00
[FW-A] iter=118  -trace(H^{-1})=-7.218463e+00
[FW-A] iter=119  -trace(H^{-1})=-7.212949e+00
[FW-A] iter=120  -trace(H^{-1})=-7.207629e+00
[FW-A] iter=121  -trace(H^{-1})=-7.202371e+00
[FW-A] iter=122  -trace(H^{-1})=-7.197269e+00
[FW-A] iter=123  -trace(H^{-1})=-7.192311e+00
[FW-A] iter=124  -trace(H^{-1})=-7.187473e+00
[FW-A] iter=125  -trace(H^{-1})=-7.182759e+00
[FW-A] iter=126  -trace(H^{-1})=-7.178166e+00
[FW-A] iter=127  -trace(H^{-1})=-7.173720e+00
[FW-A] iter=128  -trace(H^{-1})=-7.169325e+00
[FW-A] iter=129  -trace(H^{-1})=-7.165054e+00
[FW-A] iter=130  -trace(H^{-1})=-7.160894e+00
[FW-A] iter=131  -trace(H^{-1})=-7.156831e+00
[FW-A] iter=132  -trace(H^{-1})=-7.152903e+00
[FW-A] iter=133  -trace(H^{-1})=-7.149007e+00
[FW-A] iter=134  -trace(H^{-1})=-7.145217e+00
[FW-A] iter=135  -trace(H^{-1})=-7.141526e+00
[FW-A] iter=136  -trace(H^{-1})=-7.137914e+00
[FW-A] iter=137  -trace(H^{-1})=-7.134427e+00
[FW-A] iter=138  -trace(H^{-1})=-7.130956e+00
[FW-A] iter=139  -trace(H^{-1})=-7.127577e+00
[FW-A] iter=140  -trace(H^{-1})=-7.124287e+00
[FW-A] iter=141  -trace(H^{-1})=-7.121084e+00
[FW-A] iter=142  -trace(H^{-1})=-7.117918e+00
[FW-A] iter=143  -trace(H^{-1})=-7.114834e+00
[FW-A] iter=144  -trace(H^{-1})=-7.111851e+00
[FW-A] iter=145  -trace(H^{-1})=-7.108879e+00
[FW-A] iter=146  -trace(H^{-1})=-7.105983e+00
[FW-A] iter=147  -trace(H^{-1})=-7.103158e+00
[FW-A] iter=148  -trace(H^{-1})=-7.100387e+00
[FW-A] iter=149  -trace(H^{-1})=-7.097676e+00
[FW-A] iter=150  -trace(H^{-1})=-7.095022e+00
[FW-A] iter=151  -trace(H^{-1})=-7.092447e+00
[FW-A] iter=152  -trace(H^{-1})=-7.089883e+00
[FW-A] iter=153  -trace(H^{-1})=-7.087383e+00
[FW-A] iter=154  -trace(H^{-1})=-7.084939e+00
[FW-A] iter=155  -trace(H^{-1})=-7.082541e+00
[FW-A] iter=156  -trace(H^{-1})=-7.080220e+00
[FW-A] iter=157  -trace(H^{-1})=-7.077900e+00
[FW-A] iter=158  -trace(H^{-1})=-7.075636e+00
[FW-A] iter=159  -trace(H^{-1})=-7.073424e+00
[FW-A] iter=160  -trace(H^{-1})=-7.071250e+00
[FW-A] iter=161  -trace(H^{-1})=-7.069121e+00
[FW-A] iter=162  -trace(H^{-1})=-7.067033e+00
[FW-A] iter=163  -trace(H^{-1})=-7.065004e+00
[FW-A] iter=164  -trace(H^{-1})=-7.062979e+00
[FW-A] iter=165  -trace(H^{-1})=-7.061002e+00
[FW-A] iter=166  -trace(H^{-1})=-7.059066e+00
[FW-A] iter=167  -trace(H^{-1})=-7.057164e+00
[FW-A] iter=168  -trace(H^{-1})=-7.055321e+00
[FW-A] iter=169  -trace(H^{-1})=-7.053474e+00
[FW-A] iter=170  -trace(H^{-1})=-7.051670e+00
[FW-A] iter=171  -trace(H^{-1})=-7.049907e+00
[FW-A] iter=172  -trace(H^{-1})=-7.048182e+00
[FW-A] iter=173  -trace(H^{-1})=-7.046469e+00
[FW-A] iter=174  -trace(H^{-1})=-7.044794e+00
[FW-A] iter=175  -trace(H^{-1})=-7.043169e+00
[FW-A] iter=176  -trace(H^{-1})=-7.041540e+00
[FW-A] iter=177  -trace(H^{-1})=-7.039948e+00
[FW-A] iter=178  -trace(H^{-1})=-7.038388e+00
[FW-A] iter=179  -trace(H^{-1})=-7.036853e+00
[FW-A] iter=180  -trace(H^{-1})=-7.035366e+00
[FW-A] iter=181  -trace(H^{-1})=-7.033870e+00
[FW-A] iter=182  -trace(H^{-1})=-7.032408e+00
[FW-A] iter=183  -trace(H^{-1})=-7.030978e+00
[FW-A] iter=184  -trace(H^{-1})=-7.029579e+00
[FW-A] iter=185  -trace(H^{-1})=-7.028185e+00
[FW-A] iter=186  -trace(H^{-1})=-7.026821e+00
[FW-A] iter=187  -trace(H^{-1})=-7.025498e+00
[FW-A] iter=188  -trace(H^{-1})=-7.024168e+00
[FW-A] iter=189  -trace(H^{-1})=-7.022867e+00
[FW-A] iter=190  -trace(H^{-1})=-7.021591e+00
[FW-A] iter=191  -trace(H^{-1})=-7.020333e+00
[FW-A] iter=192  -trace(H^{-1})=-7.019096e+00
[FW-A] iter=193  -trace(H^{-1})=-7.017880e+00
[FW-A] iter=194  -trace(H^{-1})=-7.016697e+00
[FW-A] iter=195  -trace(H^{-1})=-7.015509e+00
[FW-A] iter=196  -trace(H^{-1})=-7.014346e+00
[FW-A] iter=197  -trace(H^{-1})=-7.013204e+00
[FW-A] iter=198  -trace(H^{-1})=-7.012078e+00
[FW-A] iter=199  -trace(H^{-1})=-7.010987e+00
[FW-A] iter=200  -trace(H^{-1})=-7.009886e+00
[FW-A] iter=201  -trace(H^{-1})=-7.008809e+00
[FW-A] iter=202  -trace(H^{-1})=-7.007752e+00
[FW-A] iter=203  -trace(H^{-1})=-7.006709e+00
[FW-A] iter=204  -trace(H^{-1})=-7.005682e+00
[FW-A] iter=205  -trace(H^{-1})=-7.004671e+00
[FW-A] iter=206  -trace(H^{-1})=-7.003688e+00
[FW-A] iter=207  -trace(H^{-1})=-7.002698e+00
[FW-A] iter=208  -trace(H^{-1})=-7.001728e+00
[FW-A] iter=209  -trace(H^{-1})=-7.000776e+00
[FW-A] iter=210  -trace(H^{-1})=-6.999836e+00
[FW-A] iter=211  -trace(H^{-1})=-6.998925e+00
[FW-A] iter=212  -trace(H^{-1})=-6.998003e+00
[FW-A] iter=213  -trace(H^{-1})=-6.997101e+00
[FW-A] iter=214  -trace(H^{-1})=-6.996216e+00
[FW-A] iter=215  -trace(H^{-1})=-6.995340e+00
[FW-A] iter=216  -trace(H^{-1})=-6.994479e+00
[FW-A] iter=217  -trace(H^{-1})=-6.993630e+00
[FW-A] iter=218  -trace(H^{-1})=-6.992803e+00
[FW-A] iter=219  -trace(H^{-1})=-6.991970e+00
[FW-A] iter=220  -trace(H^{-1})=-6.991153e+00
[FW-A] iter=221  -trace(H^{-1})=-6.990350e+00
[FW-A] iter=222  -trace(H^{-1})=-6.989557e+00
[FW-A] iter=223  -trace(H^{-1})=-6.988788e+00
[FW-A] iter=224  -trace(H^{-1})=-6.988009e+00
[FW-A] iter=225  -trace(H^{-1})=-6.987246e+00
[FW-A] iter=226  -trace(H^{-1})=-6.986496e+00
[FW-A] iter=227  -trace(H^{-1})=-6.985755e+00
[FW-A] iter=228  -trace(H^{-1})=-6.985024e+00
[FW-A] iter=229  -trace(H^{-1})=-6.984304e+00
[FW-A] iter=230  -trace(H^{-1})=-6.983603e+00
[FW-A] iter=231  -trace(H^{-1})=-6.982894e+00
[FW-A] iter=232  -trace(H^{-1})=-6.982200e+00
[FW-A] iter=233  -trace(H^{-1})=-6.981516e+00
[FW-A] iter=234  -trace(H^{-1})=-6.980841e+00
[FW-A] iter=235  -trace(H^{-1})=-6.980187e+00
[FW-A] iter=236  -trace(H^{-1})=-6.979522e+00
[FW-A] iter=237  -trace(H^{-1})=-6.978870e+00
[FW-A] iter=238  -trace(H^{-1})=-6.978231e+00
[FW-A] iter=239  -trace(H^{-1})=-6.977604e+00
[FW-A] iter=240  -trace(H^{-1})=-6.976975e+00
[FW-A] iter=241  -trace(H^{-1})=-6.976358e+00
[FW-A] iter=242  -trace(H^{-1})=-6.975759e+00
[FW-A] iter=243  -trace(H^{-1})=-6.975151e+00
[FW-A] iter=244  -trace(H^{-1})=-6.974555e+00
[FW-A] iter=245  -trace(H^{-1})=-6.973968e+00
[FW-A] iter=246  -trace(H^{-1})=-6.973388e+00
[FW-A] iter=247  -trace(H^{-1})=-6.972827e+00
[FW-A] iter=248  -trace(H^{-1})=-6.972255e+00
[FW-A] iter=249  -trace(H^{-1})=-6.971694e+00
[FW-A] iter=250  -trace(H^{-1})=-6.971144e+00
[FW-A] iter=251  -trace(H^{-1})=-6.970604e+00
[FW-A] iter=252  -trace(H^{-1})=-6.970061e+00
[FW-A] iter=253  -trace(H^{-1})=-6.969529e+00
[FW-A] iter=254  -trace(H^{-1})=-6.969013e+00
[FW-A] iter=255  -trace(H^{-1})=-6.968487e+00
[FW-A] iter=256  -trace(H^{-1})=-6.967972e+00
[FW-A] iter=257  -trace(H^{-1})=-6.967465e+00
[FW-A] iter=258  -trace(H^{-1})=-6.966963e+00
[FW-A] iter=259  -trace(H^{-1})=-6.966467e+00
[FW-A] iter=260  -trace(H^{-1})=-6.965978e+00
[FW-A] iter=261  -trace(H^{-1})=-6.965502e+00
[FW-A] iter=262  -trace(H^{-1})=-6.965018e+00
[FW-A] iter=263  -trace(H^{-1})=-6.964544e+00
[FW-A] iter=264  -trace(H^{-1})=-6.964077e+00
[FW-A] iter=265  -trace(H^{-1})=-6.963614e+00
[FW-A] iter=266  -trace(H^{-1})=-6.963166e+00
[FW-A] iter=267  -trace(H^{-1})=-6.962709e+00
[FW-A] iter=268  -trace(H^{-1})=-6.962260e+00
[FW-A] iter=269  -trace(H^{-1})=-6.961819e+00
[FW-A] iter=270  -trace(H^{-1})=-6.961382e+00
[FW-A] iter=271  -trace(H^{-1})=-6.960950e+00
[FW-A] iter=272  -trace(H^{-1})=-6.960523e+00
[FW-A] iter=273  -trace(H^{-1})=-6.960108e+00
[FW-A] iter=274  -trace(H^{-1})=-6.959686e+00
[FW-A] iter=275  -trace(H^{-1})=-6.959272e+00
[FW-A] iter=276  -trace(H^{-1})=-6.958863e+00
[FW-A] iter=277  -trace(H^{-1})=-6.958459e+00
[FW-A] iter=278  -trace(H^{-1})=-6.958068e+00
[FW-A] iter=279  -trace(H^{-1})=-6.957667e+00
[FW-A] iter=280  -trace(H^{-1})=-6.957275e+00
[FW-A] iter=281  -trace(H^{-1})=-6.956889e+00
[FW-A] iter=282  -trace(H^{-1})=-6.956510e+00
[FW-A] iter=283  -trace(H^{-1})=-6.956128e+00
[FW-A] iter=284  -trace(H^{-1})=-6.955754e+00
[FW-A] iter=285  -trace(H^{-1})=-6.955391e+00
[FW-A] iter=286  -trace(H^{-1})=-6.955019e+00
[FW-A] iter=287  -trace(H^{-1})=-6.954655e+00
[FW-A] iter=288  -trace(H^{-1})=-6.954296e+00
[FW-A] iter=289  -trace(H^{-1})=-6.953941e+00
[FW-A] iter=290  -trace(H^{-1})=-6.953589e+00
[FW-A] iter=291  -trace(H^{-1})=-6.953241e+00
[FW-A] iter=292  -trace(H^{-1})=-6.952903e+00
[FW-A] iter=293  -trace(H^{-1})=-6.952558e+00
[FW-A] iter=294  -trace(H^{-1})=-6.952220e+00
[FW-A] iter=295  -trace(H^{-1})=-6.951886e+00
[FW-A] iter=296  -trace(H^{-1})=-6.951556e+00
[FW-A] iter=297  -trace(H^{-1})=-6.951236e+00
[FW-A] iter=298  -trace(H^{-1})=-6.950908e+00
[FW-A] iter=299  -trace(H^{-1})=-6.950586e+00
    selected 20 poses in 3.4s  score=-6.9370e+00

[fw-d] running...
[FW-D] Building 720 candidate information matrices...
Building FIM:   0%|          | 0/720 [00:00<?, ?candidate/s]Building FIM:  62%|██████▏   | 448/720 [00:00<00:00, 3532.05candidate/s]Building FIM: 100%|██████████| 720/720 [00:00<00:00, 4078.46candidate/s]
[FW-D] Done. Starting Frank-Wolfe D-optimal (select_k=20)...
[FW-D] Pre-extracting dense blocks (intr_dim=9, num_poses=720)...
[FW-D] Block extraction done. Starting iterations...
[FW-D] iter=  0  logdet=6.990560e+01
[FW-D] iter=  1  logdet=7.094684e+01
[FW-D] iter=  2  logdet=7.077872e+01
[FW-D] iter=  3  logdet=6.954552e+01
[FW-D] iter=  4  logdet=6.900240e+01
[FW-D] iter=  5  logdet=6.915056e+01
[FW-D] iter=  6  logdet=6.893584e+01
[FW-D] iter=  7  logdet=6.903570e+01
[FW-D] iter=  8  logdet=6.907429e+01
[FW-D] iter=  9  logdet=6.925256e+01
[FW-D] iter= 10  logdet=6.908231e+01
[FW-D] iter= 11  logdet=6.908830e+01
[FW-D] iter= 12  logdet=6.927888e+01
[FW-D] iter= 13  logdet=6.973925e+01
[FW-D] iter= 14  logdet=6.988933e+01
[FW-D] iter= 15  logdet=7.004480e+01
[FW-D] iter= 16  logdet=7.001935e+01
[FW-D] iter= 17  logdet=6.996258e+01
[FW-D] iter= 18  logdet=6.993513e+01
[FW-D] iter= 19  logdet=7.014471e+01
[FW-D] iter= 20  logdet=7.016982e+01
[FW-D] iter= 21  logdet=7.025532e+01
[FW-D] iter= 22  logdet=7.025374e+01
[FW-D] iter= 23  logdet=7.021761e+01
[FW-D] iter= 24  logdet=7.012511e+01
[FW-D] iter= 25  logdet=7.003698e+01
[FW-D] iter= 26  logdet=7.006643e+01
[FW-D] iter= 27  logdet=6.998319e+01
[FW-D] iter= 28  logdet=6.998918e+01
[FW-D] iter= 29  logdet=6.992033e+01
[FW-D] iter= 30  logdet=6.985276e+01
[FW-D] iter= 31  logdet=6.978397e+01
[FW-D] iter= 32  logdet=6.977746e+01
[FW-D] iter= 33  logdet=6.981947e+01
[FW-D] iter= 34  logdet=6.972019e+01
[FW-D] iter= 35  logdet=6.952802e+01
[FW-D] iter= 36  logdet=6.937914e+01
[FW-D] iter= 37  logdet=6.974294e+01
[FW-D] iter= 38  logdet=7.003838e+01
[FW-D] iter= 39  logdet=7.028428e+01
[FW-D] iter= 40  logdet=7.049321e+01
[FW-D] iter= 41  logdet=7.067386e+01
[FW-D] iter= 42  logdet=7.083234e+01
[FW-D] iter= 43  logdet=7.097493e+01
[FW-D] iter= 44  logdet=7.110393e+01
[FW-D] iter= 45  logdet=7.122182e+01
[FW-D] iter= 46  logdet=7.133036e+01
[FW-D] iter= 47  logdet=7.143061e+01
[FW-D] iter= 48  logdet=7.152349e+01
[FW-D] iter= 49  logdet=7.160954e+01
[FW-D] iter= 50  logdet=7.168978e+01
[FW-D] iter= 51  logdet=7.176458e+01
[FW-D] iter= 52  logdet=7.183446e+01
[FW-D] iter= 53  logdet=7.189977e+01
[FW-D] iter= 54  logdet=7.196108e+01
[FW-D] iter= 55  logdet=7.201859e+01
[FW-D] iter= 56  logdet=7.207262e+01
[FW-D] iter= 57  logdet=7.212356e+01
[FW-D] iter= 58  logdet=7.217149e+01
[FW-D] iter= 59  logdet=7.221683e+01
[FW-D] iter= 60  logdet=7.225965e+01
[FW-D] iter= 61  logdet=7.230022e+01
[FW-D] iter= 62  logdet=7.233863e+01
[FW-D] iter= 63  logdet=7.237503e+01
[FW-D] iter= 64  logdet=7.240962e+01
[FW-D] iter= 65  logdet=7.244247e+01
[FW-D] iter= 66  logdet=7.247366e+01
[FW-D] iter= 67  logdet=7.250341e+01
[FW-D] iter= 68  logdet=7.253178e+01
[FW-D] iter= 69  logdet=7.255882e+01
[FW-D] iter= 70  logdet=7.258463e+01
[FW-D] iter= 71  logdet=7.260929e+01
[FW-D] iter= 72  logdet=7.263284e+01
[FW-D] iter= 73  logdet=7.265538e+01
[FW-D] iter= 74  logdet=7.267692e+01
[FW-D] iter= 75  logdet=7.269761e+01
[FW-D] iter= 76  logdet=7.271741e+01
[FW-D] iter= 77  logdet=7.273643e+01
[FW-D] iter= 78  logdet=7.275467e+01
[FW-D] iter= 79  logdet=7.277218e+01
[FW-D] iter= 80  logdet=7.278900e+01
[FW-D] iter= 81  logdet=7.280517e+01
[FW-D] iter= 82  logdet=7.282071e+01
[FW-D] iter= 83  logdet=7.283569e+01
[FW-D] iter= 84  logdet=7.285012e+01
[FW-D] iter= 85  logdet=7.286401e+01
[FW-D] iter= 86  logdet=7.287740e+01
[FW-D] iter= 87  logdet=7.289032e+01
[FW-D] iter= 88  logdet=7.290277e+01
[FW-D] iter= 89  logdet=7.291476e+01
[FW-D] iter= 90  logdet=7.292637e+01
[FW-D] iter= 91  logdet=7.293759e+01
[FW-D] iter= 92  logdet=7.294844e+01
[FW-D] iter= 93  logdet=7.295890e+01
[FW-D] iter= 94  logdet=7.296904e+01
[FW-D] iter= 95  logdet=7.297884e+01
[FW-D] iter= 96  logdet=7.298831e+01
[FW-D] iter= 97  logdet=7.299750e+01
[FW-D] iter= 98  logdet=7.300640e+01
[FW-D] iter= 99  logdet=7.301502e+01
[FW-D] iter=100  logdet=7.302338e+01
[FW-D] iter=101  logdet=7.303148e+01
[FW-D] iter=102  logdet=7.303934e+01
[FW-D] iter=103  logdet=7.304697e+01
[FW-D] iter=104  logdet=7.305435e+01
[FW-D] iter=105  logdet=7.306154e+01
[FW-D] iter=106  logdet=7.306851e+01
[FW-D] iter=107  logdet=7.307529e+01
[FW-D] iter=108  logdet=7.308187e+01
[FW-D] iter=109  logdet=7.308828e+01
[FW-D] iter=110  logdet=7.309450e+01
[FW-D] iter=111  logdet=7.310054e+01
[FW-D] iter=112  logdet=7.310643e+01
[FW-D] iter=113  logdet=7.311216e+01
[FW-D] iter=114  logdet=7.311772e+01
[FW-D] iter=115  logdet=7.312315e+01
[FW-D] iter=116  logdet=7.312842e+01
[FW-D] iter=117  logdet=7.313357e+01
[FW-D] iter=118  logdet=7.313858e+01
[FW-D] iter=119  logdet=7.314346e+01
[FW-D] iter=120  logdet=7.314822e+01
[FW-D] iter=121  logdet=7.315286e+01
[FW-D] iter=122  logdet=7.315736e+01
[FW-D] iter=123  logdet=7.316178e+01
[FW-D] iter=124  logdet=7.316608e+01
[FW-D] iter=125  logdet=7.317029e+01
[FW-D] iter=126  logdet=7.317438e+01
[FW-D] iter=127  logdet=7.317838e+01
[FW-D] iter=128  logdet=7.318229e+01
[FW-D] iter=129  logdet=7.318610e+01
[FW-D] iter=130  logdet=7.318982e+01
[FW-D] iter=131  logdet=7.319346e+01
[FW-D] iter=132  logdet=7.319701e+01
[FW-D] iter=133  logdet=7.320048e+01
[FW-D] iter=134  logdet=7.320386e+01
[FW-D] iter=135  logdet=7.320718e+01
[FW-D] iter=136  logdet=7.321043e+01
[FW-D] iter=137  logdet=7.321360e+01
[FW-D] iter=138  logdet=7.321670e+01
[FW-D] iter=139  logdet=7.321973e+01
[FW-D] iter=140  logdet=7.322270e+01
[FW-D] iter=141  logdet=7.322561e+01
[FW-D] iter=142  logdet=7.322844e+01
[FW-D] iter=143  logdet=7.323122e+01
[FW-D] iter=144  logdet=7.323395e+01
[FW-D] iter=145  logdet=7.323662e+01
[FW-D] iter=146  logdet=7.323923e+01
[FW-D] iter=147  logdet=7.324179e+01
[FW-D] iter=148  logdet=7.324430e+01
[FW-D] iter=149  logdet=7.324675e+01
[FW-D] iter=150  logdet=7.324915e+01
[FW-D] iter=151  logdet=7.325150e+01
[FW-D] iter=152  logdet=7.325381e+01
[FW-D] iter=153  logdet=7.325608e+01
[FW-D] iter=154  logdet=7.325830e+01
[FW-D] iter=155  logdet=7.326048e+01
[FW-D] iter=156  logdet=7.326262e+01
[FW-D] iter=157  logdet=7.326471e+01
[FW-D] iter=158  logdet=7.326676e+01
[FW-D] iter=159  logdet=7.326877e+01
[FW-D] iter=160  logdet=7.327075e+01
[FW-D] iter=161  logdet=7.327269e+01
[FW-D] iter=162  logdet=7.327458e+01
[FW-D] iter=163  logdet=7.327645e+01
[FW-D] iter=164  logdet=7.327829e+01
[FW-D] iter=165  logdet=7.328009e+01
[FW-D] iter=166  logdet=7.328186e+01
[FW-D] iter=167  logdet=7.328359e+01
[FW-D] iter=168  logdet=7.328529e+01
[FW-D] iter=169  logdet=7.328696e+01
[FW-D] iter=170  logdet=7.328860e+01
[FW-D] iter=171  logdet=7.329022e+01
[FW-D] iter=172  logdet=7.329181e+01
[FW-D] iter=173  logdet=7.329337e+01
[FW-D] iter=174  logdet=7.329490e+01
[FW-D] iter=175  logdet=7.329641e+01
[FW-D] iter=176  logdet=7.329788e+01
[FW-D] iter=177  logdet=7.329934e+01
[FW-D] iter=178  logdet=7.330077e+01
[FW-D] iter=179  logdet=7.330217e+01
[FW-D] iter=180  logdet=7.330356e+01
[FW-D] iter=181  logdet=7.330492e+01
[FW-D] iter=182  logdet=7.330625e+01
[FW-D] iter=183  logdet=7.330757e+01
[FW-D] iter=184  logdet=7.330886e+01
[FW-D] iter=185  logdet=7.331013e+01
[FW-D] iter=186  logdet=7.331138e+01
[FW-D] iter=187  logdet=7.331261e+01
[FW-D] iter=188  logdet=7.331383e+01
[FW-D] iter=189  logdet=7.331502e+01
[FW-D] iter=190  logdet=7.331619e+01
[FW-D] iter=191  logdet=7.331734e+01
[FW-D] iter=192  logdet=7.331848e+01
[FW-D] iter=193  logdet=7.331960e+01
[FW-D] iter=194  logdet=7.332070e+01
[FW-D] iter=195  logdet=7.332179e+01
[FW-D] iter=196  logdet=7.332286e+01
[FW-D] iter=197  logdet=7.332391e+01
[FW-D] iter=198  logdet=7.332494e+01
[FW-D] iter=199  logdet=7.332596e+01
[FW-D] iter=200  logdet=7.332696e+01
[FW-D] iter=201  logdet=7.332795e+01
[FW-D] iter=202  logdet=7.332893e+01
[FW-D] iter=203  logdet=7.332989e+01
[FW-D] iter=204  logdet=7.333084e+01
[FW-D] iter=205  logdet=7.333177e+01
[FW-D] iter=206  logdet=7.333269e+01
[FW-D] iter=207  logdet=7.333359e+01
[FW-D] iter=208  logdet=7.333448e+01
[FW-D] iter=209  logdet=7.333536e+01
[FW-D] iter=210  logdet=7.333623e+01
[FW-D] iter=211  logdet=7.333708e+01
[FW-D] iter=212  logdet=7.333793e+01
[FW-D] iter=213  logdet=7.333876e+01
[FW-D] iter=214  logdet=7.333958e+01
[FW-D] iter=215  logdet=7.334038e+01
[FW-D] iter=216  logdet=7.334118e+01
[FW-D] iter=217  logdet=7.334196e+01
[FW-D] iter=218  logdet=7.334274e+01
[FW-D] iter=219  logdet=7.334350e+01
[FW-D] iter=220  logdet=7.334426e+01
[FW-D] iter=221  logdet=7.334500e+01
[FW-D] iter=222  logdet=7.334573e+01
[FW-D] iter=223  logdet=7.334645e+01
[FW-D] iter=224  logdet=7.334716e+01
[FW-D] iter=225  logdet=7.334787e+01
[FW-D] iter=226  logdet=7.334856e+01
[FW-D] iter=227  logdet=7.334925e+01
[FW-D] iter=228  logdet=7.334992e+01
[FW-D] iter=229  logdet=7.335059e+01
[FW-D] iter=230  logdet=7.335125e+01
[FW-D] iter=231  logdet=7.335190e+01
[FW-D] iter=232  logdet=7.335254e+01
[FW-D] iter=233  logdet=7.335318e+01
[FW-D] iter=234  logdet=7.335380e+01
[FW-D] iter=235  logdet=7.335442e+01
[FW-D] iter=236  logdet=7.335502e+01
[FW-D] iter=237  logdet=7.335563e+01
[FW-D] iter=238  logdet=7.335622e+01
[FW-D] iter=239  logdet=7.335681e+01
[FW-D] iter=240  logdet=7.335739e+01
[FW-D] iter=241  logdet=7.335796e+01
[FW-D] iter=242  logdet=7.335852e+01
[FW-D] iter=243  logdet=7.335908e+01
[FW-D] iter=244  logdet=7.335963e+01
[FW-D] iter=245  logdet=7.336017e+01
[FW-D] iter=246  logdet=7.336071e+01
[FW-D] iter=247  logdet=7.336124e+01
[FW-D] iter=248  logdet=7.336177e+01
[FW-D] iter=249  logdet=7.336229e+01
[FW-D] iter=250  logdet=7.336280e+01
[FW-D] iter=251  logdet=7.336330e+01
[FW-D] iter=252  logdet=7.336380e+01
[FW-D] iter=253  logdet=7.336430e+01
[FW-D] iter=254  logdet=7.336479e+01
[FW-D] iter=255  logdet=7.336527e+01
[FW-D] iter=256  logdet=7.336575e+01
[FW-D] iter=257  logdet=7.336622e+01
[FW-D] iter=258  logdet=7.336668e+01
[FW-D] iter=259  logdet=7.336714e+01
[FW-D] iter=260  logdet=7.336759e+01
[FW-D] iter=261  logdet=7.336805e+01
[FW-D] iter=262  logdet=7.336849e+01
[FW-D] iter=263  logdet=7.336893e+01
[FW-D] iter=264  logdet=7.336936e+01
[FW-D] iter=265  logdet=7.336979e+01
[FW-D] iter=266  logdet=7.337022e+01
[FW-D] iter=267  logdet=7.337064e+01
[FW-D] iter=268  logdet=7.337105e+01
[FW-D] iter=269  logdet=7.337146e+01
[FW-D] iter=270  logdet=7.337187e+01
[FW-D] iter=271  logdet=7.337227e+01
[FW-D] iter=272  logdet=7.337267e+01
[FW-D] iter=273  logdet=7.337306e+01
[FW-D] iter=274  logdet=7.337345e+01
[FW-D] iter=275  logdet=7.337383e+01
[FW-D] iter=276  logdet=7.337421e+01
[FW-D] iter=277  logdet=7.337459e+01
[FW-D] iter=278  logdet=7.337496e+01
[FW-D] iter=279  logdet=7.337533e+01
[FW-D] iter=280  logdet=7.337569e+01
[FW-D] iter=281  logdet=7.337605e+01
[FW-D] iter=282  logdet=7.337641e+01
[FW-D] iter=283  logdet=7.337676e+01
[FW-D] iter=284  logdet=7.337711e+01
[FW-D] iter=285  logdet=7.337745e+01
[FW-D] iter=286  logdet=7.337780e+01
[FW-D] iter=287  logdet=7.337813e+01
[FW-D] iter=288  logdet=7.337847e+01
[FW-D] iter=289  logdet=7.337880e+01
[FW-D] iter=290  logdet=7.337912e+01
[FW-D] iter=291  logdet=7.337945e+01
[FW-D] iter=292  logdet=7.337977e+01
[FW-D] iter=293  logdet=7.338009e+01
[FW-D] iter=294  logdet=7.338040e+01
[FW-D] iter=295  logdet=7.338071e+01
[FW-D] iter=296  logdet=7.338102e+01
[FW-D] iter=297  logdet=7.338132e+01
[FW-D] iter=298  logdet=7.338162e+01
[FW-D] iter=299  logdet=7.338192e+01
    selected 20 poses in 3.4s  score=7.3417e+01
/usr/lib/python3/dist-packages/numpy/core/_methods.py:44: RuntimeWarning: invalid value encountered in reduce
  return umr_minimum(a, axis, None, out, keepdims, initial, where)
/usr/lib/python3/dist-packages/numpy/core/_methods.py:40: RuntimeWarning: invalid value encountered in reduce
  return umr_maximum(a, axis, None, out, keepdims, initial, where)

============================================================================================================================================================================
RESULTS
Method                   min_eig        logdet     trace_cov  focal_err_px     pp_err_px      dist_err   rot_err_deg  trans_err_cm     train_rms   heldout_rms        time_s
----------------------------------------------------------------------------------------------------------------------------------------------------------------------------
fw-e                  2.2020e-01    7.2505e+01    7.1642e+00    5.5934e-01    1.9941e+00    3.6377e-02    6.1671e-02    5.7995e-02    1.3982e+00    2.4043e+00    3.1195e+00
fw-a                  2.1698e-01    7.3022e+01    6.9370e+00    6.9771e-01    1.4469e+00    7.3549e-02    5.5135e-02    5.3094e-02    1.3952e+00    1.9552e+00    3.3599e+00
greedy-e              2.1667e-01    7.2665e+01    7.1163e+00    2.5987e-01    1.4758e+00    5.2553e-02    5.4701e-02    5.1270e-02    1.4087e+00    2.0017e+00    4.8681e+00
a-optimal             2.1460e-01    7.3082e+01    6.9219e+00    6.5618e-01    1.2418e+00    6.3113e-02    4.7820e-02    4.6848e-02    1.3916e+00    1.7818e+00    6.9975e+00
fw-d                  1.8273e-01    7.3417e+01    7.7198e+00    7.8346e-01    2.4804e+00    2.6651e-02    6.1624e-02    7.6996e-02    1.3860e+00    2.7337e+00    3.4049e+00
d-optimal             1.7443e-01    7.3421e+01    7.9213e+00    4.0494e-01    2.1567e+00    8.8225e-03    6.3456e-02    7.1395e-02    1.3861e+00    2.4989e+00    5.2018e+00
random             9.142e-02±2.0e-02 6.968e+01±4.6e-01 1.494e+01±2.9e+00 1.511e+00±8.8e-01 3.417e+00±2.0e+00 4.980e-02±2.5e-02 8.786e-02±3.4e-02 9.514e-02±4.8e-02 1.392e+00±1.6e-02 3.736e+00±1.9e+00    2.0272e+00
coverage              7.8417e-02    6.9247e+01    1.6839e+01    5.5080e-01    3.2321e+00    6.2144e-02    1.0417e-01    9.7066e-02    1.4049e+00    3.5277e+00    9.0528e-04
============================================================================================================================================================================

Outputs saved to: results/fresh_20260427_055200/aprilgrid_sigma10/benchmark_20260427_055329
  benchmark_results.json
  benchmark_table.csv
  benchmark_comparison.png
